[    0.000000] Initializing cgroup subsys cpuset
[    0.000000] Initializing cgroup subsys cpu
[    0.000000] Initializing cgroup subsys cpuacct
[    0.000000] Linux version 4.4.0-143-generic (buildd@lgw01-amd64-041) (gcc version 5.4.0 20160609 (Ubuntu 5.4.0-6ubuntu1~16.04.10) ) #169-Ubuntu SMP Thu Feb 7 07:56:38 UTC 2019 (Ubuntu 4.4.0-143.169-generic 4.4.170)
[    0.000000] Command line: BOOT_IMAGE=/boot/vmlinuz-4.4.0-143-generic root=UUID=fda3418f-b78f-47d3-aef8-ab2b203a09c3 ro console=tty1 console=ttyS0
[    0.000000] KERNEL supported cpus:
[    0.000000]   Intel GenuineIntel
[    0.000000]   AMD AuthenticAMD
[    0.000000]   Centaur CentaurHauls
[    0.000000] x86/fpu: xstate_offset[2]:  576, xstate_sizes[2]:  256
[    0.000000] x86/fpu: Supporting XSAVE feature 0x01: 'x87 floating point registers'
[    0.000000] x86/fpu: Supporting XSAVE feature 0x02: 'SSE registers'
[    0.000000] x86/fpu: Supporting XSAVE feature 0x04: 'AVX registers'
[    0.000000] x86/fpu: Enabled xstate features 0x7, context size is 832 bytes, using 'standard' format.
[    0.000000] e820: BIOS-provided physical RAM map:
[    0.000000] BIOS-e820: [mem 0x0000000000000000-0x000000000009fbff] usable
[    0.000000] BIOS-e820: [mem 0x000000000009fc00-0x000000000009ffff] reserved
[    0.000000] BIOS-e820: [mem 0x00000000000f0000-0x00000000000fffff] reserved
[    0.000000] BIOS-e820: [mem 0x0000000000100000-0x000000003ffeffff] usable
[    0.000000] BIOS-e820: [mem 0x000000003fff0000-0x000000003fffffff] ACPI data
[    0.000000] BIOS-e820: [mem 0x00000000fec00000-0x00000000fec00fff] reserved
[    0.000000] BIOS-e820: [mem 0x00000000fee00000-0x00000000fee00fff] reserved
[    0.000000] BIOS-e820: [mem 0x00000000fffc0000-0x00000000ffffffff] reserved
[    0.000000] NX (Execute Disable) protection: active
[    0.000000] SMBIOS 2.5 present.
[    0.000000] Hypervisor detected: KVM
[    0.000000] e820: last_pfn = 0x3fff0 max_arch_pfn = 0x400000000
[    0.000000] MTRR: Disabled
[    0.000000] x86/PAT: MTRRs disabled, skipping PAT initialization too.
[    0.000000] CPU MTRRs all blank - virtualized system.
[    0.000000] x86/PAT: Configuration [0-7]: WB  WT  UC- UC  WB  WT  UC- UC  
[    0.000000] found SMP MP-table at [mem 0x0009fff0-0x0009ffff] mapped at [ffff88000009fff0]
[    0.000000] Scanning 1 areas for low memory corruption
[    0.000000] RAMDISK: [mem 0x361f0000-0x370effff]
[    0.000000] ACPI: Early table checksum verification disabled
[    0.000000] ACPI: RSDP 0x00000000000E0000 000024 (v02 VBOX  )
[    0.000000] ACPI: XSDT 0x000000003FFF0030 00003C (v01 VBOX   VBOXXSDT 00000001 ASL  00000061)
[    0.000000] ACPI: FACP 0x000000003FFF00F0 0000F4 (v04 VBOX   VBOXFACP 00000001 ASL  00000061)
[    0.000000] ACPI: DSDT 0x000000003FFF0470 0022EA (v02 VBOX   VBOXBIOS 00000002 INTL 20100528)
[    0.000000] ACPI: FACS 0x000000003FFF0200 000040
[    0.000000] ACPI: FACS 0x000000003FFF0200 000040
[    0.000000] ACPI: APIC 0x000000003FFF0240 00005C (v02 VBOX   VBOXAPIC 00000001 ASL  00000061)
[    0.000000] ACPI: SSDT 0x000000003FFF02A0 0001CC (v01 VBOX   VBOXCPUT 00000002 INTL 20100528)
[    0.000000] No NUMA configuration found
[    0.000000] Faking a node at [mem 0x0000000000000000-0x000000003ffeffff]
[    0.000000] NODE_DATA(0) allocated [mem 0x3ffeb000-0x3ffeffff]
[    0.000000] kvm-clock: Using msrs 4b564d01 and 4b564d00
[    0.000000] kvm-clock: cpu 0, msr 0:3ffe3001, primary cpu clock
[    0.000000] kvm-clock: using sched offset of 7005373487 cycles
[    0.000000] clocksource: kvm-clock: mask: 0xffffffffffffffff max_cycles: 0x1cd42e4dffb, max_idle_ns: 881590591483 ns
[    0.000000] Zone ranges:
[    0.000000]   DMA      [mem 0x0000000000001000-0x0000000000ffffff]
[    0.000000]   DMA32    [mem 0x0000000001000000-0x000000003ffeffff]
[    0.000000]   Normal   empty
[    0.000000]   Device   empty
[    0.000000] Movable zone start for each node
[    0.000000] Early memory node ranges
[    0.000000]   node   0: [mem 0x0000000000001000-0x000000000009efff]
[    0.000000]   node   0: [mem 0x0000000000100000-0x000000003ffeffff]
[    0.000000] Initmem setup node 0 [mem 0x0000000000001000-0x000000003ffeffff]
[    0.000000] ACPI: PM-Timer IO Port: 0x4008
[    0.000000] IOAPIC[0]: apic_id 2, version 32, address 0xfec00000, GSI 0-23
[    0.000000] ACPI: INT_SRC_OVR (bus 0 bus_irq 0 global_irq 2 dfl dfl)
[    0.000000] ACPI: INT_SRC_OVR (bus 0 bus_irq 9 global_irq 9 low level)
[    0.000000] Using ACPI (MADT) for SMP configuration information
[    0.000000] smpboot: Allowing 2 CPUs, 0 hotplug CPUs
[    0.000000] PM: Registered nosave memory: [mem 0x00000000-0x00000fff]
[    0.000000] PM: Registered nosave memory: [mem 0x0009f000-0x0009ffff]
[    0.000000] PM: Registered nosave memory: [mem 0x000a0000-0x000effff]
[    0.000000] PM: Registered nosave memory: [mem 0x000f0000-0x000fffff]
[    0.000000] e820: [mem 0x40000000-0xfebfffff] available for PCI devices
[    0.000000] Booting paravirtualized kernel on KVM
[    0.000000] clocksource: refined-jiffies: mask: 0xffffffff max_cycles: 0xffffffff, max_idle_ns: 7645519600211568 ns
[    0.000000] setup_percpu: NR_CPUS:512 nr_cpumask_bits:512 nr_cpu_ids:2 nr_node_ids:1
[    0.000000] PERCPU: Embedded 34 pages/cpu @ffff88003fc00000 s99480 r8192 d31592 u1048576
[    0.000000] Built 1 zonelists in Node order, mobility grouping on.  Total pages: 257912
[    0.000000] Policy zone: DMA32
[    0.000000] Kernel command line: BOOT_IMAGE=/boot/vmlinuz-4.4.0-143-generic root=UUID=fda3418f-b78f-47d3-aef8-ab2b203a09c3 ro console=tty1 console=ttyS0
[    0.000000] PID hash table entries: 4096 (order: 3, 32768 bytes)
[    0.000000] Memory: 997172K/1048120K available (8608K kernel code, 1332K rwdata, 4008K rodata, 1484K init, 1316K bss, 50948K reserved, 0K cma-reserved)
[    0.000000] SLUB: HWalign=64, Order=0-3, MinObjects=0, CPUs=2, Nodes=1
[    0.000000] Kernel/User page tables isolation: enabled
[    0.000000] Hierarchical RCU implementation.
[    0.000000] 	Build-time adjustment of leaf fanout to 64.
[    0.000000] 	RCU restricting CPUs from NR_CPUS=512 to nr_cpu_ids=2.
[    0.000000] RCU: Adjusting geometry for rcu_fanout_leaf=64, nr_cpu_ids=2
[    0.000000] NR_IRQS:33024 nr_irqs:440 16
[    0.000000] Console: colour VGA+ 80x25
[    0.000000] console [tty1] enabled
[    0.000000] console [ttyS0] enabled
[    0.000000] tsc: Detected 3095.998 MHz processor
[    0.232690] Calibrating delay loop (skipped) preset value.. 6191.99 BogoMIPS (lpj=12383992)
[    0.234868] pid_max: default: 32768 minimum: 301
[    0.236094] ACPI: Core revision 20150930
[    0.237886] ACPI: 2 ACPI AML tables successfully acquired and loaded
[    0.239535] Security Framework initialized
[    0.240637] Yama: becoming mindful.
[    0.241586] AppArmor: AppArmor initialized
[    0.242715] Dentry cache hash table entries: 131072 (order: 8, 1048576 bytes)
[    0.246357] Inode-cache hash table entries: 65536 (order: 7, 524288 bytes)
[    0.248884] Mount-cache hash table entries: 2048 (order: 2, 16384 bytes)
[    0.250803] Mountpoint-cache hash table entries: 2048 (order: 2, 16384 bytes)
[    0.253107] Initializing cgroup subsys io
[    0.254535] Initializing cgroup subsys memory
[    0.255720] Initializing cgroup subsys devices
[    0.256931] Initializing cgroup subsys freezer
[    0.258262] Initializing cgroup subsys net_cls
[    0.259675] Initializing cgroup subsys perf_event
[    0.261127] Initializing cgroup subsys net_prio
[    0.262303] Initializing cgroup subsys hugetlb
[    0.263443] Initializing cgroup subsys pids
[    0.266243] mce: CPU supports 0 MCE banks
[    0.267337] Last level iTLB entries: 4KB 64, 2MB 8, 4MB 8
[    0.268700] Last level dTLB entries: 4KB 64, 2MB 0, 4MB 0, 1GB 4
[    0.270159] Spectre V2 : Mitigation: Full generic retpoline
[    0.271526] Spectre V2 : Spectre v2 / SpectreRSB mitigation: Filling RSB on context switch
[    0.273666] Speculative Store Bypass: Vulnerable
[    0.277626] Freeing SMP alternatives memory: 32K
[    0.284769] ftrace: allocating 32278 entries in 127 pages
[    0.341092] smpboot: APIC(0) Converting physical 0 to logical package 0
[    0.344383] smpboot: Max logical packages: 1
[    0.346031] x2apic enabled
[    0.347021] Switched APIC routing to physical x2apic.
[    0.349353] ..TIMER: vector=0x30 apic1=0 pin1=2 apic2=-1 pin2=-1
[    0.456243] smpboot: CPU0: Intel(R) Core(TM) i5-7267U CPU @ 3.10GHz (family: 0x6, model: 0x8e, stepping: 0x9)
[    0.459368] Performance Events: unsupported p6 CPU model 142 no PMU driver, software events only.
[    0.471850] KVM setup paravirtual spinlock
[    0.473906] x86: Booting SMP configuration:
[    0.475284] .... node  #0, CPUs:      #1
[    0.476944] kvm-clock: cpu 1, msr 0:3ffe3041, secondary cpu clock
[    0.479676] mce: CPU supports 0 MCE banks
[    0.482762] x86: Booted up 1 node, 2 CPUs
[    0.484064] smpboot: Total of 2 processors activated (12383.99 BogoMIPS)
[    0.486447] devtmpfs: initialized
[    0.488887] evm: security.selinux
[    0.490247] evm: security.SMACK64
[    0.491246] evm: security.SMACK64EXEC
[    0.492222] evm: security.SMACK64TRANSMUTE
[    0.493322] evm: security.SMACK64MMAP
[    0.494378] evm: security.ima
[    0.495366] evm: security.capability
[    0.496605] clocksource: jiffies: mask: 0xffffffff max_cycles: 0xffffffff, max_idle_ns: 7645041785100000 ns
[    0.499055] futex hash table entries: 512 (order: 3, 32768 bytes)
[    0.500668] pinctrl core: initialized pinctrl subsystem
[    0.502114] RTC time: 12:59:44, date: 03/18/19
[    0.503460] NET: Registered protocol family 16
[    0.513229] cpuidle: using governor ladder
[    0.525732] cpuidle: using governor menu
[    0.527587] PCCT header not found.
[    0.528703] ACPI: bus type PCI registered
[    0.529858] acpiphp: ACPI Hot Plug PCI Controller Driver version: 0.5
[    0.531809] PCI: Using configuration type 1 for base access
[    0.546871] ACPI: Added _OSI(Module Device)
[    0.548333] ACPI: Added _OSI(Processor Device)
[    0.549649] ACPI: Added _OSI(3.0 _SCP Extensions)
[    0.550996] ACPI: Added _OSI(Processor Aggregator Device)
[    0.553293] ACPI: Executed 1 blocks of module-level executable AML code
[    0.556972] ACPI: Interpreter enabled
[    0.558344] ACPI: (supports S0 S5)
[    0.559292] ACPI: Using IOAPIC for interrupt routing
[    0.560687] PCI: Using host bridge windows from ACPI; if necessary, use "pci=nocrs" and report a bug
[    0.567200] ACPI: PCI Root Bridge [PCI0] (domain 0000 [bus 00-ff])
[    0.569059] acpi PNP0A03:00: _OSC: OS supports [ASPM ClockPM Segments MSI]
[    0.570980] acpi PNP0A03:00: _OSC: not requesting OS control; OS requires [ExtendedConfig ASPM ClockPM MSI]
[    0.573465] acpi PNP0A03:00: fail to add MMCONFIG information, can't access extended PCI configuration space under this bridge.
[    0.577251] PCI host bridge to bus 0000:00
[    0.578326] pci_bus 0000:00: root bus resource [io  0x0000-0x0cf7 window]
[    0.580001] pci_bus 0000:00: root bus resource [io  0x0d00-0xffff window]
[    0.581776] pci_bus 0000:00: root bus resource [mem 0x000a0000-0x000bffff window]
[    0.583742] pci_bus 0000:00: root bus resource [mem 0x40000000-0xfdffffff window]
[    0.585718] pci_bus 0000:00: root bus resource [bus 00-ff]
[    0.590443] pci 0000:00:01.1: legacy IDE quirk: reg 0x10: [io  0x01f0-0x01f7]
[    0.592669] pci 0000:00:01.1: legacy IDE quirk: reg 0x14: [io  0x03f6]
[    0.594279] pci 0000:00:01.1: legacy IDE quirk: reg 0x18: [io  0x0170-0x0177]
[    0.596037] pci 0000:00:01.1: legacy IDE quirk: reg 0x1c: [io  0x0376]
[    0.612925] pci 0000:00:07.0: quirk: [io  0x4000-0x403f] claimed by PIIX4 ACPI
[    0.615050] pci 0000:00:07.0: quirk: [io  0x4100-0x410f] claimed by PIIX4 SMB
[    0.631486] ACPI: PCI Interrupt Link [LNKA] (IRQs 5 9 10 *11)
[    0.633939] ACPI: PCI Interrupt Link [LNKB] (IRQs 5 9 *10 11)
[    0.635779] ACPI: PCI Interrupt Link [LNKC] (IRQs 5 *9 10 11)
[    0.637981] ACPI: PCI Interrupt Link [LNKD] (IRQs 5 9 10 *11)
[    0.639986] ACPI: Enabled 2 GPEs in block 00 to 07
[    0.641772] vgaarb: setting as boot device: PCI:0000:00:02.0
[    0.643944] vgaarb: device added: PCI:0000:00:02.0,decodes=io+mem,owns=io+mem,locks=none
[    0.646074] vgaarb: loaded
[    0.646873] vgaarb: bridge control possible 0000:00:02.0
[    0.648513] SCSI subsystem initialized
[    0.649647] ACPI: bus type USB registered
[    0.650718] usbcore: registered new interface driver usbfs
[    0.652116] usbcore: registered new interface driver hub
[    0.653511] usbcore: registered new device driver usb
[    0.656767] PCI: Using ACPI for IRQ routing
[    0.658648] NetLabel: Initializing
[    0.659599] NetLabel:  domain hash size = 128
[    0.660714] NetLabel:  protocols = UNLABELED CIPSOv4
[    0.662502] NetLabel:  unlabeled traffic allowed by default
[    0.664044] amd_nb: Cannot enumerate AMD northbridges
[    0.665825] clocksource: Switched to clocksource kvm-clock
[    0.676313] AppArmor: AppArmor Filesystem Enabled
[    0.678491] pnp: PnP ACPI init
[    0.680512] pnp: PnP ACPI: found 3 devices
[    0.691271] clocksource: acpi_pm: mask: 0xffffff max_cycles: 0xffffff, max_idle_ns: 2085701024 ns
[    0.694344] NET: Registered protocol family 2
[    0.695969] TCP established hash table entries: 8192 (order: 4, 65536 bytes)
[    0.698062] TCP bind hash table entries: 8192 (order: 5, 131072 bytes)
[    0.700146] TCP: Hash tables configured (established 8192 bind 8192)
[    0.701732] UDP hash table entries: 512 (order: 2, 16384 bytes)
[    0.703867] UDP-Lite hash table entries: 512 (order: 2, 16384 bytes)
[    0.705481] NET: Registered protocol family 1
[    0.706832] pci 0000:00:00.0: Limiting direct PCI/PCI transfers
[    0.708693] pci 0000:00:01.0: Activating ISA DMA hang workarounds
[    0.710785] Unpacking initramfs...
[    0.923863] Freeing initrd memory: 15360K
[    0.925541] platform rtc_cmos: registered platform RTC device (no PNP device found)
[    0.927666] Scanning for low memory corruption every 60 seconds
[    0.929483] audit: initializing netlink subsys (disabled)
[    0.931258] audit: type=2000 audit(1552913992.913:1): initialized
[    0.932940] Initialise system trusted keyring
[    0.934374] HugeTLB registered 2 MB page size, pre-allocated 0 pages
[    0.937530] zbud: loaded
[    0.939014] VFS: Disk quotas dquot_6.6.0
[    0.940130] VFS: Dquot-cache hash table entries: 512 (order 0, 4096 bytes)
[    0.942165] squashfs: version 4.0 (2009/01/31) Phillip Lougher
[    0.944223] fuse init (API version 7.23)
[    0.945841] Key type big_key registered
[    0.947462] Allocating IMA MOK and blacklist keyrings.
[    0.951429] Key type asymmetric registered
[    0.952514] Asymmetric key parser 'x509' registered
[    0.953808] Block layer SCSI generic (bsg) driver version 0.4 loaded (major 249)
[    0.955911] io scheduler noop registered
[    0.956955] io scheduler deadline registered (default)
[    0.958308] io scheduler cfq registered
[    0.959457] pci_hotplug: PCI Hot Plug PCI Core version: 0.5
[    0.960945] pciehp: PCI Express Hot Plug Controller Driver version: 0.4
[    0.963051] ACPI: AC Adapter [AC] (off-line)
[    0.964647] input: Power Button as /devices/LNXSYSTM:00/LNXPWRBN:00/input/input0
[    0.966667] ACPI: Power Button [PWRF]
[    0.967730] input: Sleep Button as /devices/LNXSYSTM:00/LNXSLPBN:00/input/input1
[    0.969673] ACPI: Sleep Button [SLPF]
[    0.970862] GHES: HEST is not enabled!
[    0.972063] ACPI: Battery Slot [BAT0] (battery present)
[    0.973536] Serial: 8250/16550 driver, 32 ports, IRQ sharing enabled
 	
 !"#$%&'()*+,-./@ABCDEFGHIJKLMNOPQfghijklmnopqrstuvwãåçéèêëíìîïñóòôöõúù≤≥¥µ∂∑∏π∫ªºΩæø¿¡¬√◊ÿŸ⁄€‹›ﬁﬂ‡·‚„‰ÂÊÁËÒÚÛÙıˆ˜¯˘˙˚¸˝˛ˇ[    0.996831] 00:02: ttyS0 at I/O 0x3f8 (irq = 4, base_baud = 115200) is a 16550A
[    1.001656] Linux agpgart interface v0.103
[    1.006440] loop: module loaded
[    1.007984] scsi host0: ata_piix
[    1.009098] scsi host1: ata_piix
[    1.010108] ata1: PATA max UDMA/33 cmd 0x1f0 ctl 0x3f6 bmdma 0xd000 irq 14
[    1.011815] ata2: PATA max UDMA/33 cmd 0x170 ctl 0x376 bmdma 0xd008 irq 15
[    1.013583] libphy: Fixed MDIO Bus: probed
[    1.014805] tun: Universal TUN/TAP device driver, 1.6
[    1.016201] tun: (C) 1999-2004 Max Krasnyansky <maxk@qualcomm.com>
[    1.017865] PPP generic driver version 2.4.2
[    1.019550] ehci_hcd: USB 2.0 'Enhanced' Host Controller (EHCI) Driver
[    1.021140] ehci-pci: EHCI PCI platform driver
[    1.022345] ehci-platform: EHCI generic platform driver
[    1.023668] ohci_hcd: USB 1.1 'Open' Host Controller (OHCI) Driver
[    1.025187] ohci-pci: OHCI PCI platform driver
[    1.026656] ohci-platform: OHCI generic platform driver
[    1.027990] uhci_hcd: USB Universal Host Controller Interface driver
[    1.029591] i8042: PNP: PS/2 Controller [PNP0303:PS2K,PNP0f03:PS2M] at 0x60,0x64 irq 1,12
[    1.032141] serio: i8042 KBD port at 0x60,0x64 irq 1
[    1.033405] serio: i8042 AUX port at 0x60,0x64 irq 12
[    1.034892] mousedev: PS/2 mouse device common for all mice
[    1.036646] input: AT Translated Set 2 keyboard as /devices/platform/i8042/serio0/input/input2
[    1.039323] rtc_cmos rtc_cmos: rtc core: registered rtc_cmos as rtc0
[    1.040951] rtc_cmos rtc_cmos: alarms up to one day, 114 bytes nvram
[    1.042719] i2c /dev entries driver
[    1.043717] device-mapper: uevent: version 1.0.3
[    1.045002] device-mapper: ioctl: 4.34.0-ioctl (2015-10-28) initialised: dm-devel@redhat.com
[    1.047220] ledtrig-cpu: registered to indicate activity on CPUs
[    1.049259] NET: Registered protocol family 10
[    1.051192] NET: Registered protocol family 17
[    1.052415] Key type dns_resolver registered
[    1.054026] registered taskstats version 1
[    1.055107] Loading compiled-in X.509 certificates
[    1.056894] Loaded X.509 cert 'Build time autogenerated kernel key: d03773f65dd2b75b701d4dd50cb1e8d0c07b3b6e'
[    1.059479] zswap: loaded using pool lzo/zbud
[    1.062776] Key type trusted registered
[    1.066621] Key type encrypted registered
[    1.067721] AppArmor: AppArmor sha1 policy hashing enabled
[    1.069531] ima: No TPM chip found, activating TPM-bypass!
[    1.070965] ima: Allocated hash algorithm: sha1
[    1.072327] evm: HMAC attrs: 0x1
[    1.074101]   Magic number: 11:49:987
[    1.075087] machinecheck machinecheck0: hash matches
[    1.076592] rtc_cmos rtc_cmos: setting system clock to 2019-03-18 12:59:45 UTC (1552913985)
[    1.079562] BIOS EDD facility v0.16 2004-Jun-25, 0 devices found
[    1.081050] EDD information not available.
[    1.171973] Freeing unused kernel memory: 1484K
[    1.173629] Write protecting the kernel read-only data: 14336k
[    1.176774] Freeing unused kernel memory: 1620K
[    1.178750] Freeing unused kernel memory: 88K
Loading, please wait...
starting version 229
[    1.201852] random: systemd-udevd: uninitialized urandom read (16 bytes read, 3 bits of entropy available)
[    1.202821] random: udevadm: uninitialized urandom read (16 bytes read, 3 bits of entropy available)
[    1.202874] random: udevadm: uninitialized urandom read (16 bytes read, 3 bits of entropy available)
[    1.215133] random: udevadm: uninitialized urandom read (16 bytes read, 3 bits of entropy available)
[    1.215182] random: udevadm: uninitialized urandom read (16 bytes read, 3 bits of entropy available)
[    1.215373] random: udevadm: uninitialized urandom read (16 bytes read, 3 bits of entropy available)
[    1.215434] random: udevadm: uninitialized urandom read (16 bytes read, 3 bits of entropy available)
[    1.215494] random: udevadm: uninitialized urandom read (16 bytes read, 3 bits of entropy available)
[    1.215586] random: udevadm: uninitialized urandom read (16 bytes read, 3 bits of entropy available)
[    1.215643] random: udevadm: uninitialized urandom read (16 bytes read, 3 bits of entropy available)
[    1.267230] e1000: Intel(R) PRO/1000 Network Driver - version 7.3.21-k8-NAPI
[    1.269427] e1000: Copyright (c) 1999-2006 Intel Corporation.
[    1.273064] Fusion MPT base driver 3.04.20
[    1.274484] Copyright (c) 1999-2008 LSI Corporation
[    1.279694] Fusion MPT SPI Host driver 3.04.20
[    1.293649] AVX2 version of gcm_enc/dec engaged.
[    1.295000] AES CTR mode by8 optimization enabled
[    1.479081] input: ImExPS/2 Generic Explorer Mouse as /devices/platform/i8042/serio1/input/input4
[    1.690023] e1000 0000:00:03.0 eth0: (PCI:33MHz:32-bit) 02:54:44:01:5d:80
[    1.691820] e1000 0000:00:03.0 eth0: Intel(R) PRO/1000 Network Connection
[    1.694707] mptbase: ioc0: Initiating bringup
[    1.695524] e1000 0000:00:03.0 enp0s3: renamed from eth0
[    1.766198] ioc0: LSI53C1030 A0: Capabilities={Initiator}
[    1.922151] tsc: Refined TSC clocksource calibration: 3096.757 MHz
[    1.925965] clocksource: tsc: mask: 0xffffffffffffffff max_cycles: 0x2ca34fd4a50, max_idle_ns: 440795207067 ns
[    1.930981] scsi host2: ioc0: LSI53C1030 A0, FwRev=00000000h, Ports=1, MaxQ=256, IRQ=20
[    2.043582] scsi 2:0:0:0: Direct-Access     VBOX     HARDDISK         1.0  PQ: 0 ANSI: 5
[    2.049799] scsi target2:0:0: Beginning Domain Validation
[    2.054174] scsi target2:0:0: Domain Validation skipping write tests
[    2.056281] scsi target2:0:0: Ending Domain Validation
[    2.057826] scsi target2:0:0: asynchronous
[    2.059793] scsi 2:0:1:0: Direct-Access     VBOX     HARDDISK         1.0  PQ: 0 ANSI: 5
[    2.062604] scsi target2:0:1: Beginning Domain Validation
[    2.064835] scsi target2:0:1: Domain Validation skipping write tests
[    2.066736] scsi target2:0:1: Ending Domain Validation
[    2.068475] scsi target2:0:1: asynchronous
[    2.079967] sd 2:0:0:0: [sda] 20971520 512-byte logical blocks: (10.7 GB/10.0 GiB)
[    2.080130] sd 2:0:0:0: Attached scsi generic sg0 type 0
[    2.080565] sd 2:0:1:0: Attached scsi generic sg1 type 0
[    2.080833] sd 2:0:1:0: [sdb] 20480 512-byte logical blocks: (10.5 MB/10.0 MiB)
[    2.081056] sd 2:0:1:0: [sdb] Write Protect is off
[    2.081164] sd 2:0:1:0: [sdb] Incomplete mode parameter data
[    2.081166] sd 2:0:1:0: [sdb] Assuming drive cache: write through
[    2.083320] sd 2:0:1:0: [sdb] Attached SCSI disk
[    2.102312] sd 2:0:0:0: [sda] Write Protect is off
[    2.104043] sd 2:0:0:0: [sda] Incomplete mode parameter data
[    2.105471] sd 2:0:0:0: [sda] Assuming drive cache: write through
[    2.109884]  sda: sda1
[    2.111996] sd 2:0:0:0: [sda] Attached SCSI disk
Begin: Loading essential drivers ... [    3.420368] md: linear personality registered for level -1
[    3.430664] md: multipath personality registered for level -4
[    3.437497] md: raid0 personality registered for level 0
[    3.447899] md: raid1 personality registered for level 1
[    3.521971] raid6: sse2x1   gen() 10663 MB/s
[    3.590589] raid6: sse2x1   xor()  8884 MB/s
[    3.657898] raid6: sse2x2   gen() 14503 MB/s
[    3.726006] raid6: sse2x2   xor()  9726 MB/s
[    3.794230] raid6: sse2x4   gen() 16608 MB/s
[    3.862147] raid6: sse2x4   xor() 11636 MB/s
[    3.930125] raid6: avx2x1   gen() 22338 MB/s
[    3.998068] raid6: avx2x2   gen() 26991 MB/s
[    4.066146] raid6: avx2x4   gen() 29420 MB/s
[    4.067363] raid6: using algorithm avx2x4 gen() 29420 MB/s
[    4.069076] raid6: using avx2x2 recovery algorithm
[    4.071646] xor: automatically using best checksumming function:
[    4.109980]    avx       : 25634.000 MB/sec
[    4.112763] async_tx: api initialized (async)
[    4.124865] md: raid6 personality registered for level 6
[    4.126765] md: raid5 personality registered for level 5
[    4.128447] md: raid4 personality registered for level 4
[    4.136758] md: raid10 personality registered for level 10
done.
Begin: Running /scripts/init-premount ... done.
Begin: Mounting root file system ... Begin: Running /scripts/local-top ... done.
Begin: Running /scripts/local-premount ... [    4.166609] Btrfs loaded
Scanning for Btrfs filesystems
done.
Warning: fsck not present, so skipping root file system
[    4.191262] EXT4-fs (sda1): INFO: recovery required on readonly filesystem
[    4.193142] EXT4-fs (sda1): write access will be enabled during recovery
[    4.318417] EXT4-fs (sda1): orphan cleanup on readonly fs
[    4.333859] EXT4-fs (sda1): 29 orphan inodes deleted
[    4.335549] EXT4-fs (sda1): recovery complete
[    4.338404] EXT4-fs (sda1): mounted filesystem with ordered data mode. Opts: (null)
done.
Begin: Running /scripts/local-bottom ... done.
Begin: Running /scripts/init-bottom ... done.
[    4.593918] systemd[1]: systemd 229 running in system mode. (+PAM +AUDIT +SELINUX +IMA +APPARMOR +SMACK +SYSVINIT +UTMP +LIBCRYPTSETUP +GCRYPT +GNUTLS +ACL +XZ -LZ4 +SECCOMP +BLKID +ELFUTILS +KMOD -IDN)
[    4.600454] systemd[1]: Detected virtualization oracle.
[    4.602048] systemd[1]: Detected architecture x86-64.

Welcome to [1mUbuntu 16.04.6 LTS[0m!

[    4.608371] systemd[1]: Set hostname to <ubuntu-xenial>.
[    4.931770] systemd[1]: Reached target User and Group Name Lookups.
[[0;32m  OK  [0m] Reached target User and Group Name Lookups.
[    4.934812] systemd[1]: Listening on Journal Socket.
[[0;32m  OK  [0m] Listening on Journal Socket.
[    4.936956] systemd[1]: Listening on Syslog Socket.
[[0;32m  OK  [0m] Listening on Syslog Socket.
[    4.939116] systemd[1]: Started Forward Password Requests to Wall Directory Watch.
[[0;32m  OK  [0m] Started Forward Password Requests to Wall Directory Watch.
[    4.943258] systemd[1]: Listening on udev Kernel Socket.
[[0;32m  OK  [0m] Listening on udev Kernel Socket.
[    4.946156] systemd[1]: Reached target Encrypted Volumes.
[[0;32m  OK  [0m] Reached target Encrypted Volumes.
[    4.949513] systemd[1]: Started Trigger resolvconf update for networkd DNS.
[[0;32m  OK  [0m] Started Trigger resolvconf update for networkd DNS.
[    4.953662] systemd[1]: Created slice User and Session Slice.
[[0;32m  OK  [0m] Created slice User and Session Slice.
[    4.956567] systemd[1]: Listening on Device-mapper event daemon FIFOs.
[[0;32m  OK  [0m] Listening on Device-mapper event daemon FIFOs.
[    4.959472] systemd[1]: Reached target System Time Synchronized.
[[0;32m  OK  [0m] Reached target System Time Synchronized.
[    4.962805] systemd[1]: Listening on LVM2 metadata daemon socket.
[[0;32m  OK  [0m] Listening on LVM2 metadata daemon socket.
[    4.965845] systemd[1]: Created slice System Slice.
[[0;32m  OK  [0m] Created slice System Slice.
[    4.978511] systemd[1]: Starting Uncomplicated firewall...
         Starting Uncomplicated firewall...
[    4.983616] systemd[1]: Starting Nameserver information manager...
         Starting Nameserver information manager...
[    4.987077] systemd[1]: Mounting Huge Pages File System...
         Mounting Huge Pages File System...
[    4.999547] systemd[1]: Starting Load Kernel Modules...
         Starting Load Kernel Modules...
[    5.002958] systemd[1]: Mounting Debug File System...
         Mounting Debug File System...
[    5.005959] random: nonblocking pool is initialized
[    5.006239] systemd[1]: Starting Monitoring of LVM2 mirrors, snapshots etc. using dmeventd or progress polling...
         Starting Monitoring of LVM2 mirrors... dmeventd or progress polling...
[    5.014604] systemd[1]: Created slice system-serial\x2dgetty.slice.
[[0;32m  OK  [0m] Created slice system-serial\x2dgetty.slice.
[    5.019735] systemd[1]: Starting Create list of required static device nodes for the current kernel...
         Starting Create list of required st... nodes for the current kernel...
[    5.025124] systemd[1]: Starting Remount Root and Kernel File Systems...
         Starting Remount Root and Kernel File Systems...
[    5.029039] systemd[1]: Listening on /dev/initctl Compatibility Named Pipe.
[[0;32m  OK  [0m] Listening on /dev/initctl Compatibility Named Pipe.
[    5.032378] systemd[1]: Listening on udev Control Socket.
[[0;32m  OK  [0m] Listening on udev Control Socket.
[    5.036014] systemd[1]: Listening on Journal Audit Socket.
[[0;32m  OK  [0m] Listening on Journal Audit Socket.
[    5.039359] systemd[1]: Set up automount Arbitrary Executable File Formats File System Automount Point.
[    5.042803] EXT4-fs (sda1): re-mounted. Opts: (null)
[[0;32m  OK  [0m] Set up automount Arbitrary Executab...ats File System Automount Point.
[    5.046043] systemd[1]: Reached target Slices.
[[0;32m  OK  [0m] Reached target Slices.
[    5.049198] systemd[1]: Listening on Journal Socket (/dev/log).
[[0;32m  OK  [0m] Listening on Journal Socket (/dev/log).
[    5.057266] Loading iSCSI transport class v2.0-870.
[    5.070292] systemd[1]: Starting Journal Service...
         Starting Journal Service...
[    5.073072] systemd[1]: Listening on LVM2 poll daemon socket.
[[0;32m  OK  [0m] Listening on LVM2 poll daemon socket.
[    5.077977] systemd[1]: Mounting POSIX Message Queue File System...
         Mounting POSIX Message Queue File System...
[    5.080857] systemd[1]: Reached target Swap.
[[0;32m  OK  [0m] Reached target Swap.
[    5.084988] iscsi: registered transport (tcp)
[    5.087980] systemd[1]: Starting Set console keymap...
         Starting Set console keymap...
[    5.093205] systemd[1]: Mounted POSIX Message Queue File System.
[[0;32m  OK  [0m] Mounted POSIX Message Queue File System.
[    5.097011] systemd[1]: Mounted Huge Pages File System.
[[0;32m  OK  [0m] Mounted Huge Pages File System.
[    5.099954] systemd[1]: Mounted Debug File System.
[[0;32m  OK  [0m] Mounted Debug File System.
[    5.104519] systemd[1]: Started Uncomplicated firewall.
[[0;32m  OK  [0m] Started Uncomplicated firewall.
[    5.111936] systemd[1]: Started Create list of required static device nodes for the current kernel.
[[0;32m  OK  [0m] Started Create list of required sta...ce nodes for the current kernel.
[    5.119155] systemd[1]: Started Remount Root and Kernel File Systems.
[[0;32m  OK  [0m] Started Remount Root and Kernel File Systems.
[    5.133458] systemd[1]: Started Nameserver information manager.
[[0;32m  OK  [0m] Started Nameserver information manager.
[    5.146563] systemd[1]: Started Journal Service.
[[0;32m  OK  [0m] Started Journal Service.
[[0;32m  OK  [0m] Started LVM2 metadata daemon.
         Starting Load/Save Random Seed...
         Starting udev Coldplug all Devices...
         Starting Flush Journal to Persistent Storage...
         Starting Create Static Device Nodes in /dev...
[[0;32m  OK  [0m] Started Set console keymap.
[[0;32m  OK  [0m] Started Load/Save Random Seed.
[    5.229237] iscsi: registered transport (iser)
[[0;32m  OK  [0m] Started Load Kernel Modules.
[[0;32m  OK  [0m] Started Create Static Device Nodes in /dev.
         [    5.250491] systemd-journald[393]: Received request to flush runtime journal from PID 1
Starting udev Kernel Device Manager...
         Starting Apply Kernel Variables...
         Mounting FUSE Control File System...
[[0;32m  OK  [0m] Mounted FUSE Control File System.
[[0;32m  OK  [0m] Started Flush Journal to Persistent Storage.
[[0;32m  OK  [0m] Started Monitoring of LVM2 mirrors,...ng dmeventd or progress polling.
[[0;32m  OK  [0m] Started udev Coldplug all Devices.
[[0;32m  OK  [0m] Reached target Local File Systems (Pre).
[[0;32m  OK  [0m] Reached target Local File Systems.
         Starting Set console font and keymap...
         Starting LSB: AppArmor initialization...
         Starting Initial cloud-init job (pre-networking)...
         Starting Create Volatile Files and Directories...
         Starting Tell Plymouth To Write Out Runtime Data...
[[0;32m  OK  [0m] Started Apply Kernel Variables.
[[0;32m  OK  [0m] Started Tell Plymouth To Write Out Runtime Data.
[[0;32m  OK  [0m] Started Create Volatile Files and Directories.
         Starting Update UTMP about System Boot/Shutdown...
[[0;32m  OK  [0m] Started Update UTMP about System Boot/Shutdown.
[[0;32m  OK  [0m] Started udev Kernel Device Manager.
[[0;32m  OK  [0m] Started Dispatch Password Requests to Console Directory Watch.
[[0;32m  OK  [0m] Found device /dev/ttyS0.
[[0;32m  OK  [0m] Started LSB: AppArmor initialization.
[[0;32m  OK  [0m] Listening on Load/Save RF Kill Switch Status /dev/rfkill Watch.
[[0;32m  OK  [0m] Found device 82540EM Gigabit Ethern...r (PRO/1000 MT Desktop Adapter).
[[0;32m  OK  [0m] Started Set console font and keymap.
[[0;32m  OK  [0m] Created slice system-getty.slice.
[    6.910827] cloud-init[476]: Cloud-init v. 18.5-21-g8ee294d5-0ubuntu1~16.04.1 running 'init-local' at Mon, 18 Mar 2019 12:59:51 +0000. Up 6.59 seconds.
[[0;32m  OK  [0m] Started Initial cloud-init job (pre-networking).
[[0;32m  OK  [0m] Reached target Network (Pre).
[[0;32m  OK  [0m] Started ifup for enp0s3.
         Starting Raise network interfaces...
[[0;32m  OK  [0m] Started Raise network interfaces.
         Starting Initial cloud-init job (metadata service crawler)...
[[0;32m  OK  [0m] Reached target Network.
[    7.588825] cloud-init[966]: Cloud-init v. 18.5-21-g8ee294d5-0ubuntu1~16.04.1 running 'init' at Mon, 18 Mar 2019 12:59:52 +0000. Up 7.33 seconds.
[    7.594452] cloud-init[966]: ci-info: ++++++++++++++++++++++++++++++++++++++Net device info++++++++++++++++++++++++++++++++++++++
[    7.604853] cloud-init[966]: ci-info: +--------+------+----------------------------+---------------+--------+-------------------+
[    7.616907] cloud-init[966]: ci-info: | Device |  Up  |          Address           |      Mask     | Scope  |     Hw-Address    |
[    7.619954] cloud-init[966]: ci-info: +--------+------+----------------------------+---------------+--------+-------------------+
[    7.624939] cloud-init[966]: ci-info: | enp0s3 | True |         10.0.2.15          | 255.255.255.0 | global | 02:54:44:01:5d:80 |
[    7.629230] cloud-init[966]: ci-info: | enp0s3 | True | fe80::54:44ff:fe01:5d80/64 |       .       |  link  | 02:54:44:01:5d:80 |
[    7.632835] cloud-init[966]: ci-info: |   lo   | True |         127.0.0.1          |   255.0.0.0   |  host  |         .         |
[    7.635948] cloud-init[966]: ci-info: |   lo   | True |          ::1/128           |       .       |  host  |         .         |
[    7.639674] cloud-init[966]: ci-info: +--------+------+----------------------------+---------------+--------+-------------------+
[    7.643201] cloud-init[966]: ci-info: +++++++++++++++++++++++++++Route IPv4 info++++++++++++++++++++++++++++
[    7.646269] cloud-init[966]: ci-info: +-------+-------------+----------+---------------+-----------+-------+
[    7.649204] cloud-init[966]: ci-info: | Route | Destination | Gateway  |    Genmask    | Interface | Flags |
[    7.652291] cloud-init[966]: ci-info: +-------+-------------+----------+---------------+-----------+-------+
[    7.655566] cloud-init[966]: ci-info: |   0   |   0.0.0.0   | 10.0.2.2 |    0.0.0.0    |   enp0s3  |   UG  |[[0;32m  OK  [0m] Started Initial cloud-init job (metadata service crawler).
[[0;32m  OK  [0m] Reached target System Initialization.
[[0;32m  OK  [0m] Listening on ACPID Listen Socket.

         Starting LXD - unix socket.
[    7.660233] cloud-init[966]: ci-info: |   1   |   10.0.2.0  | 0.0.0.0  | 255.255.255.0 |   enp0s3  |   U   |
[[0;32m  OK  [0m] Started Daily apt download activities.
[[0;32m  OK  [0m] Started Daily apt upgrade and clean activities.
[[0;32m  OK  [0m] Listening on UUID daemon activation socket.
[    7.672379] cloud-init[966]: ci-info: +-------+-------------+----------+---------------+-----------+-------+
[    7.703102] cloud-init[966]: [[0;32m  OK  [0m] Started ACPI Events Check.
[[0;32m  OK  [0m] Reached target Paths.
         ci-info: +++++++++++++++++++Route IPv6 info+++++++++++++++++++
[    7.707112] cloud-init[966]: ci-info: +-------+-------------+---------+-----------+-------+
[    7.708627] cloud-init[966]: ci-info: | Route | Destination | Gateway | Interface | Flags |
[    7.709717] cloud-init[966]: ci-info: +-------+-------------+---------+-----------+-------+
[    7.710731] cloud-init[966]: ci-info: |   0   |  fe80::/64  |    ::   |   enp0s3  |   U   |
[    7.711407] cloud-init[966]: ci-info: |   3   |   ff00::/8  |    ::   |   enp0s3  |   U   |
[    7.712773] cloud-init[966]: ci-info: +-------+-------------+---------+-----------+-------+
Starting Socket activation for snappy daemon.
[[0;32m  OK  [0m] Started Daily Cleanup of Temporary Directories.
[[0;32m  OK  [0m] Reached target Timers.
[[0;32m  OK  [0m] Listening on D-Bus System Message Bus Socket.
[[0;32m  OK  [0m] Reached target Network is Online.
         Starting iSCSI initiator daemon (iscsid)...
[[0;32m  OK  [0m] Reached target Cloud-config availability.
[[0;32m  OK  [0m] Listening on LXD - unix socket.
[[0;32m  OK  [0m] Listening on Socket activation for snappy daemon.
[[0;32m  OK  [0m] Started iSCSI initiator daemon (iscsid).
         Starting Login to default iSCSI targets...
[[0;32m  OK  [0m] Reached target Sockets.
[[0;32m  OK  [0m] Reached target Basic System.
         Starting /etc/rc.local Compatibility...
[[0;32m  OK  [0m] Started FUSE filesystem for LXC.
         Starting LSB: MD monitoring daemon...
[[0;32m  OK  [0m] Started ACPI event daemon.
         Starting Snappy daemon...
         Starting Accounts Service...
[[0;32m  OK  [0m] Started Unattended Upgrades Shutdown.
[[0;32m  OK  [0m] Started Regular background program processing daemon.
         Starting Login Service...
         Starting OpenBSD Secure Shell server...
         Starting LXD - container startup/shutdown...
         Starting LSB: Record successful boot for GRUB...
         Starting System Logging Service...
         Starting Virtualbox guest utils...
[[0;32m  OK  [0m] Started Deferred execution scheduler.
[[0;32m  OK  [0m] Started D-Bus System Message Bus.
[[0;32m  OK  [0m] Started System Logging Service.
[[0;32m  OK  [0m] Started /etc/rc.local Compatibility.
[[0;32m  OK  [0m] Started OpenBSD Secure Shell server.
[[0;32m  OK  [0m] Started Login to default iSCSI targets.
[[0;32m  OK  [0m] Started LSB: MD monitoring daemon.
[[0;32m  OK  [0m] Started LSB: Record successful boot for GRUB.
[[0;32m  OK  [0m] Started Login Service.
         Starting Authenticate and Authorize Users to Run Privileged Tasks...
[[0;32m  OK  [0m] Reached target Remote File Systems (Pre).
[[0;32m  OK  [0m] Reached target Remote File Systems.
         Starting LSB: automatic crash report generation...
         Starting LSB: Set the CPU Frequency Scaling governor to "ondemand"...
         Starting Permit User Sessions...
         Starting LSB: daemon to balance interrupts for SMP systems...
[[0;32m  OK  [0m] Started LXD - container startup/shutdown.
[[0;32m  OK  [0m] Started Permit User Sessions.
[[0;32m  OK  [0m] Started Virtualbox guest utils.
[[0;32m  OK  [0m] Started LSB: Set the CPU Frequency Scaling governor to "ondemand".
[[0;32m  OK  [0m] Started Authenticate and Authorize Users to Run Privileged Tasks.
[[0;32m  OK  [0m] Started Accounts Service.
         Starting Hold until boot process finishes up...
         Starting Terminate Plymouth Boot Screen...
[[0;32m  OK  [0m] Started Snappy daemon.
[[0;32m  OK  [0m] Started LSB: automatic crash report generation.
[[0;32m  OK  [0m] Started LSB: daemon to balance interrupts for SMP systems.
[[0;32m  OK  [0m] Started Hold until boot process finishes up.
[[0;32m  OK  [0m] Started Terminate Plymouth Boot Screen.
[[0;32m  OK  [0m] Started Getty on tty1.
[[0;32m  OK  [0m] Started Serial Getty on ttyS0.
[[0;32m  OK  [0m] Reached target Login Prompts.
         Starting Set console scheme...
         Starting Wait until snapd is fully seeded...
[[0;32m  OK  [0m] Started Set console scheme.
[[0;32m  OK  [0m] Started Wait until snapd is fully seeded.
[[0;32m  OK  [0m] Reached target Multi-User System.
[[0;32m  OK  [0m] Reached target Graphical Interface.
         Starting Update UTMP about System Runlevel Changes...
         Starting Apply the settings specified in cloud-config...
[[0;32m  OK  [0m] Started Update UTMP about System Runlevel Changes.
[    8.658760] cloud-init[1211]: Cloud-init v. 18.5-21-g8ee294d5-0ubuntu1~16.04.1 running 'modules:config' at Mon, 18 Mar 2019 12:59:53 +0000. Up 8.57 seconds.
[[0;32m  OK  [0m] Started Apply the settings specified in cloud-config.
         Starting Execute cloud user/final scripts...
[    9.157402] cloud-init[1221]: Cloud-init v. 18.5-21-g8ee294d5-0ubuntu1~16.04.1 running 'modules:final' at Mon, 18 Mar 2019 12:59:53 +0000. Up 9.02 seconds.
[    9.160598] cloud-init[1221]: Cloud-init v. 18.5-21-g8ee294d5-0ubuntu1~16.04.1 finished at Mon, 18 Mar 2019 12:59:53 +0000. Datasource DataSourceNoCloud [seed=/dev/sdb][dsmode=net].  Up 9.15 seconds
[[0;32m  OK  [0m] Created slice User Slice of vagrant.
         Starting User Manager for UID 1000...
[[0;32m  OK  [0m] Started Session 1 of user vagrant.
[[0;32m  OK  [0m] Started Execute cloud user/final scripts.
[[0;32m  OK  [0m] Started User Manager for UID 1000.
[[0;32m  OK  [0m] Reached target Cloud-init target.

Ubuntu 16.04.6 LTS ubuntu-xenial ttyS0

ubuntu-xenial login: 