[    0.000000] Initializing cgroup subsys cpuset
[    0.000000] Initializing cgroup subsys cpu
[    0.000000] Initializing cgroup subsys cpuacct
[    0.000000] Linux version 4.4.0-141-generic (buildd@lcy01-amd64-006) (gcc version 5.4.0 20160609 (Ubuntu 5.4.0-6ubuntu1~16.04.10) ) #167-Ubuntu SMP Wed Dec 5 10:40:15 UTC 2018 (Ubuntu 4.4.0-141.167-generic 4.4.162)
[    0.000000] Command line: BOOT_IMAGE=/boot/vmlinuz-4.4.0-141-generic root=LABEL=cloudimg-rootfs ro console=tty1 console=ttyS0
[    0.000000] KERNEL supported cpus:
[    0.000000]   Intel GenuineIntel
[    0.000000]   AMD AuthenticAMD
[    0.000000]   Centaur CentaurHauls
[    0.000000] x86/fpu: xstate_offset[2]:  576, xstate_sizes[2]:  256
[    0.000000] x86/fpu: Supporting XSAVE feature 0x01: 'x87 floating point registers'
[    0.000000] x86/fpu: Supporting XSAVE feature 0x02: 'SSE registers'
[    0.000000] x86/fpu: Supporting XSAVE feature 0x04: 'AVX registers'
[    0.000000] x86/fpu: Enabled xstate features 0x7, context size is 832 bytes, using 'standard' format.
[    0.000000] e820: BIOS-provided physical RAM map:
[    0.000000] BIOS-e820: [mem 0x0000000000000000-0x000000000009fbff] usable
[    0.000000] BIOS-e820: [mem 0x000000000009fc00-0x000000000009ffff] reserved
[    0.000000] BIOS-e820: [mem 0x00000000000f0000-0x00000000000fffff] reserved
[    0.000000] BIOS-e820: [mem 0x0000000000100000-0x000000003ffeffff] usable
[    0.000000] BIOS-e820: [mem 0x000000003fff0000-0x000000003fffffff] ACPI data
[    0.000000] BIOS-e820: [mem 0x00000000fec00000-0x00000000fec00fff] reserved
[    0.000000] BIOS-e820: [mem 0x00000000fee00000-0x00000000fee00fff] reserved
[    0.000000] BIOS-e820: [mem 0x00000000fffc0000-0x00000000ffffffff] reserved
[    0.000000] NX (Execute Disable) protection: active
[    0.000000] SMBIOS 2.5 present.
[    0.000000] Hypervisor detected: KVM
[    0.000000] e820: last_pfn = 0x3fff0 max_arch_pfn = 0x400000000
[    0.000000] MTRR: Disabled
[    0.000000] x86/PAT: MTRRs disabled, skipping PAT initialization too.
[    0.000000] CPU MTRRs all blank - virtualized system.
[    0.000000] x86/PAT: Configuration [0-7]: WB  WT  UC- UC  WB  WT  UC- UC  
[    0.000000] found SMP MP-table at [mem 0x0009fff0-0x0009ffff] mapped at [ffff88000009fff0]
[    0.000000] Scanning 1 areas for low memory corruption
[    0.000000] RAMDISK: [mem 0x3630a000-0x3717cfff]
[    0.000000] ACPI: Early table checksum verification disabled
[    0.000000] ACPI: RSDP 0x00000000000E0000 000024 (v02 VBOX  )
[    0.000000] ACPI: XSDT 0x000000003FFF0030 00003C (v01 VBOX   VBOXXSDT 00000001 ASL  00000061)
[    0.000000] ACPI: FACP 0x000000003FFF00F0 0000F4 (v04 VBOX   VBOXFACP 00000001 ASL  00000061)
[    0.000000] ACPI: DSDT 0x000000003FFF0470 0022EA (v02 VBOX   VBOXBIOS 00000002 INTL 20100528)
[    0.000000] ACPI: FACS 0x000000003FFF0200 000040
[    0.000000] ACPI: FACS 0x000000003FFF0200 000040
[    0.000000] ACPI: APIC 0x000000003FFF0240 00005C (v02 VBOX   VBOXAPIC 00000001 ASL  00000061)
[    0.000000] ACPI: SSDT 0x000000003FFF02A0 0001CC (v01 VBOX   VBOXCPUT 00000002 INTL 20100528)
[    0.000000] No NUMA configuration found
[    0.000000] Faking a node at [mem 0x0000000000000000-0x000000003ffeffff]
[    0.000000] NODE_DATA(0) allocated [mem 0x3ffeb000-0x3ffeffff]
[    0.000000] kvm-clock: Using msrs 4b564d01 and 4b564d00
[    0.000000] kvm-clock: cpu 0, msr 0:3ffe3001, primary cpu clock
[    0.000000] kvm-clock: using sched offset of 3675896731 cycles
[    0.000000] clocksource: kvm-clock: mask: 0xffffffffffffffff max_cycles: 0x1cd42e4dffb, max_idle_ns: 881590591483 ns
[    0.000000] Zone ranges:
[    0.000000]   DMA      [mem 0x0000000000001000-0x0000000000ffffff]
[    0.000000]   DMA32    [mem 0x0000000001000000-0x000000003ffeffff]
[    0.000000]   Normal   empty
[    0.000000]   Device   empty
[    0.000000] Movable zone start for each node
[    0.000000] Early memory node ranges
[    0.000000]   node   0: [mem 0x0000000000001000-0x000000000009efff]
[    0.000000]   node   0: [mem 0x0000000000100000-0x000000003ffeffff]
[    0.000000] Initmem setup node 0 [mem 0x0000000000001000-0x000000003ffeffff]
[    0.000000] ACPI: PM-Timer IO Port: 0x4008
[    0.000000] IOAPIC[0]: apic_id 2, version 32, address 0xfec00000, GSI 0-23
[    0.000000] ACPI: INT_SRC_OVR (bus 0 bus_irq 0 global_irq 2 dfl dfl)
[    0.000000] ACPI: INT_SRC_OVR (bus 0 bus_irq 9 global_irq 9 low level)
[    0.000000] Using ACPI (MADT) for SMP configuration information
[    0.000000] smpboot: Allowing 2 CPUs, 0 hotplug CPUs
[    0.000000] PM: Registered nosave memory: [mem 0x00000000-0x00000fff]
[    0.000000] PM: Registered nosave memory: [mem 0x0009f000-0x0009ffff]
[    0.000000] PM: Registered nosave memory: [mem 0x000a0000-0x000effff]
[    0.000000] PM: Registered nosave memory: [mem 0x000f0000-0x000fffff]
[    0.000000] e820: [mem 0x40000000-0xfebfffff] available for PCI devices
[    0.000000] Booting paravirtualized kernel on KVM
[    0.000000] clocksource: refined-jiffies: mask: 0xffffffff max_cycles: 0xffffffff, max_idle_ns: 7645519600211568 ns
[    0.000000] setup_percpu: NR_CPUS:512 nr_cpumask_bits:512 nr_cpu_ids:2 nr_node_ids:1
[    0.000000] PERCPU: Embedded 34 pages/cpu @ffff88003fc00000 s99608 r8192 d31464 u1048576
[    0.000000] PV qspinlock hash table entries: 256 (order: 0, 4096 bytes)
[    0.000000] Built 1 zonelists in Node order, mobility grouping on.  Total pages: 257912
[    0.000000] Policy zone: DMA32
[    0.000000] Kernel command line: BOOT_IMAGE=/boot/vmlinuz-4.4.0-141-generic root=LABEL=cloudimg-rootfs ro console=tty1 console=ttyS0
[    0.000000] PID hash table entries: 4096 (order: 3, 32768 bytes)
[    0.000000] Memory: 997708K/1048120K available (8568K kernel code, 1314K rwdata, 4008K rodata, 1528K init, 1316K bss, 50412K reserved, 0K cma-reserved)
[    0.000000] SLUB: HWalign=64, Order=0-3, MinObjects=0, CPUs=2, Nodes=1
[    0.000000] Kernel/User page tables isolation: enabled
[    0.000000] Hierarchical RCU implementation.
[    0.000000] 	Build-time adjustment of leaf fanout to 64.
[    0.000000] 	RCU restricting CPUs from NR_CPUS=512 to nr_cpu_ids=2.
[    0.000000] RCU: Adjusting geometry for rcu_fanout_leaf=64, nr_cpu_ids=2
[    0.000000] NR_IRQS:33024 nr_irqs:440 16
[    0.000000] Console: colour VGA+ 80x25
[    0.000000] console [tty1] enabled
[    0.000000] console [ttyS0] enabled
[    0.000000] tsc: Detected 2600.000 MHz processor
[    0.192673] Calibrating delay loop (skipped) preset value.. 5200.00 BogoMIPS (lpj=10400000)
[    0.195202] pid_max: default: 32768 minimum: 301
[    0.196768] ACPI: Core revision 20150930
[    0.198811] ACPI: 2 ACPI AML tables successfully acquired and loaded
[    0.200829] Security Framework initialized
[    0.202049] Yama: becoming mindful.
[    0.203138] AppArmor: AppArmor initialized
[    0.204602] Dentry cache hash table entries: 131072 (order: 8, 1048576 bytes)
[    0.208291] Inode-cache hash table entries: 65536 (order: 7, 524288 bytes)
[    0.210327] Mount-cache hash table entries: 2048 (order: 2, 16384 bytes)
[    0.212176] Mountpoint-cache hash table entries: 2048 (order: 2, 16384 bytes)
[    0.214377] Initializing cgroup subsys io
[    0.215631] Initializing cgroup subsys memory
[    0.216921] Initializing cgroup subsys devices
[    0.218228] Initializing cgroup subsys freezer
[    0.219565] Initializing cgroup subsys net_cls
[    0.221116] Initializing cgroup subsys perf_event
[    0.222553] Initializing cgroup subsys net_prio
[    0.224045] Initializing cgroup subsys hugetlb
[    0.225626] Initializing cgroup subsys pids
[    0.227817] mce: CPU supports 0 MCE banks
[    0.229191] Last level iTLB entries: 4KB 1024, 2MB 1024, 4MB 1024
[    0.230948] Last level dTLB entries: 4KB 1024, 2MB 1024, 4MB 1024, 1GB 4
[    0.232835] Spectre V2 : Mitigation: Full generic retpoline
[    0.234493] Spectre V2 : Spectre v2 mitigation: Speculation control IBPB not-supported IBRS not-supported
[    0.237061] Spectre V2 : Spectre v2 / SpectreRSB mitigation: Filling RSB on context switch
[    0.239745] Speculative Store Bypass: Vulnerable
[    0.243975] Freeing SMP alternatives memory: 32K
[    0.254470] ftrace: allocating 32291 entries in 127 pages
[    0.313359] smpboot: APIC(0) Converting physical 0 to logical package 0
[    0.315550] smpboot: Max logical packages: 1
[    0.317096] x2apic enabled
[    0.318204] Switched APIC routing to physical x2apic.
[    0.320738] ..TIMER: vector=0x30 apic1=0 pin1=2 apic2=-1 pin2=-1
[    0.428224] smpboot: CPU0: Intel(R) Core(TM) i5-4278U CPU @ 2.60GHz (family: 0x6, model: 0x45, stepping: 0x1)
[    0.431631] Performance Events: unsupported p6 CPU model 69 no PMU driver, software events only.
[    0.434891] KVM setup paravirtual spinlock
[    0.436797] x86: Booting SMP configuration:
[    0.438063] .... node  #0, CPUs:      #1
[    0.439372] kvm-clock: cpu 1, msr 0:3ffe3041, secondary cpu clock
[    0.442236] mce: CPU supports 0 MCE banks
[    0.445604] x86: Booted up 1 node, 2 CPUs
[    0.447170] smpboot: Total of 2 processors activated (10400.00 BogoMIPS)
[    0.449582] devtmpfs: initialized
[    0.451929] evm: security.selinux
[    0.453018] evm: security.SMACK64
[    0.454096] evm: security.SMACK64EXEC
[    0.455367] evm: security.SMACK64TRANSMUTE
[    0.456612] evm: security.SMACK64MMAP
[    0.457728] evm: security.ima
[    0.458717] evm: security.capability
[    0.459994] clocksource: jiffies: mask: 0xffffffff max_cycles: 0xffffffff, max_idle_ns: 7645041785100000 ns
[    0.462992] futex hash table entries: 512 (order: 3, 32768 bytes)
[    0.465138] pinctrl core: initialized pinctrl subsystem
[    0.466798] RTC time: 13:16:32, date: 03/05/19
[    0.468261] NET: Registered protocol family 16
[    0.480611] cpuidle: using governor ladder
[    0.493222] cpuidle: using governor menu
[    0.494955] PCCT header not found.
[    0.496451] ACPI: bus type PCI registered
[    0.497936] acpiphp: ACPI Hot Plug PCI Controller Driver version: 0.5
[    0.500235] PCI: Using configuration type 1 for base access
[    0.513958] ACPI: Added _OSI(Module Device)
[    0.515595] ACPI: Added _OSI(Processor Device)
[    0.517076] ACPI: Added _OSI(3.0 _SCP Extensions)
[    0.518695] ACPI: Added _OSI(Processor Aggregator Device)
[    0.521162] ACPI: Executed 1 blocks of module-level executable AML code
[    0.525274] ACPI: Interpreter enabled
[    0.526412] ACPI: (supports S0 S5)
[    0.527507] ACPI: Using IOAPIC for interrupt routing
[    0.529183] PCI: Using host bridge windows from ACPI; if necessary, use "pci=nocrs" and report a bug
[    0.536533] ACPI: PCI Root Bridge [PCI0] (domain 0000 [bus 00-ff])
[    0.538751] acpi PNP0A03:00: _OSC: OS supports [ASPM ClockPM Segments MSI]
[    0.541072] acpi PNP0A03:00: _OSC: not requesting OS control; OS requires [ExtendedConfig ASPM ClockPM MSI]
[    0.543954] acpi PNP0A03:00: fail to add MMCONFIG information, can't access extended PCI configuration space under this bridge.
[    0.547764] PCI host bridge to bus 0000:00
[    0.549022] pci_bus 0000:00: root bus resource [io  0x0000-0x0cf7 window]
[    0.550981] pci_bus 0000:00: root bus resource [io  0x0d00-0xffff window]
[    0.552887] pci_bus 0000:00: root bus resource [mem 0x000a0000-0x000bffff window]
[    0.555147] pci_bus 0000:00: root bus resource [mem 0x40000000-0xfdffffff window]
[    0.557408] pci_bus 0000:00: root bus resource [bus 00-ff]
[    0.562551] pci 0000:00:01.1: legacy IDE quirk: reg 0x10: [io  0x01f0-0x01f7]
[    0.564762] pci 0000:00:01.1: legacy IDE quirk: reg 0x14: [io  0x03f6]
[    0.566673] pci 0000:00:01.1: legacy IDE quirk: reg 0x18: [io  0x0170-0x0177]
[    0.568662] pci 0000:00:01.1: legacy IDE quirk: reg 0x1c: [io  0x0376]
[    0.602472] pci 0000:00:07.0: quirk: [io  0x4000-0x403f] claimed by PIIX4 ACPI
[    0.604859] pci 0000:00:07.0: quirk: [io  0x4100-0x410f] claimed by PIIX4 SMB
[    0.615230] ACPI: PCI Interrupt Link [LNKA] (IRQs 5 9 10 *11)
[    0.617760] ACPI: PCI Interrupt Link [LNKB] (IRQs 5 9 *10 11)
[    0.619850] ACPI: PCI Interrupt Link [LNKC] (IRQs 5 *9 10 11)
[    0.622049] ACPI: PCI Interrupt Link [LNKD] (IRQs 5 9 10 *11)
[    0.624201] ACPI: Enabled 2 GPEs in block 00 to 07
[    0.626015] vgaarb: setting as boot device: PCI:0000:00:02.0
[    0.627679] vgaarb: device added: PCI:0000:00:02.0,decodes=io+mem,owns=io+mem,locks=none
[    0.630410] vgaarb: loaded
[    0.631340] vgaarb: bridge control possible 0000:00:02.0
[    0.633176] SCSI subsystem initialized
[    0.634551] ACPI: bus type USB registered
[    0.635864] usbcore: registered new interface driver usbfs
[    0.637505] usbcore: registered new interface driver hub
[    0.639090] usbcore: registered new device driver usb
[    0.642700] PCI: Using ACPI for IRQ routing
[    0.644575] NetLabel: Initializing
[    0.645733] NetLabel:  domain hash size = 128
[    0.647018] NetLabel:  protocols = UNLABELED CIPSOv4
[    0.648497] NetLabel:  unlabeled traffic allowed by default
[    0.650252] amd_nb: Cannot enumerate AMD northbridges
[    0.651775] clocksource: Switched to clocksource kvm-clock
[    0.661743] AppArmor: AppArmor Filesystem Enabled
[    0.663247] pnp: PnP ACPI init
[    0.665648] pnp: PnP ACPI: found 3 devices
[    0.677463] clocksource: acpi_pm: mask: 0xffffff max_cycles: 0xffffff, max_idle_ns: 2085701024 ns
[    0.680282] NET: Registered protocol family 2
[    0.681797] TCP established hash table entries: 8192 (order: 4, 65536 bytes)
[    0.683780] TCP bind hash table entries: 8192 (order: 5, 131072 bytes)
[    0.685663] TCP: Hash tables configured (established 8192 bind 8192)
[    0.687448] UDP hash table entries: 512 (order: 2, 16384 bytes)
[    0.689150] UDP-Lite hash table entries: 512 (order: 2, 16384 bytes)
[    0.690954] NET: Registered protocol family 1
[    0.692287] pci 0000:00:00.0: Limiting direct PCI/PCI transfers
[    0.693993] pci 0000:00:01.0: Activating ISA DMA hang workarounds
[    0.695918] Unpacking initramfs...
[    0.958689] Freeing initrd memory: 14796K
[    0.960055] RAPL PMU detected, API unit is 2^-32 Joules, 4 fixed counters 10737418240 ms ovfl timer
[    0.964629] hw unit of domain pp0-core 2^-0 Joules
[    0.966157] hw unit of domain package 2^-0 Joules
[    0.967595] hw unit of domain dram 2^-0 Joules
[    0.968976] hw unit of domain pp1-gpu 2^-0 Joules
[    0.970997] platform rtc_cmos: registered platform RTC device (no PNP device found)
[    0.976435] Scanning for low memory corruption every 60 seconds
[    0.978764] audit: initializing netlink subsys (disabled)
[    0.980456] audit: type=2000 audit(1551791797.577:1): initialized
[    0.982718] Initialise system trusted keyring
[    0.984326] HugeTLB registered 2 MB page size, pre-allocated 0 pages
[    0.987493] zbud: loaded
[    0.988744] VFS: Disk quotas dquot_6.6.0
[    0.990279] VFS: Dquot-cache hash table entries: 512 (order 0, 4096 bytes)
[    0.992486] squashfs: version 4.0 (2009/01/31) Phillip Lougher
[    0.994710] fuse init (API version 7.23)
[    0.996163] Key type big_key registered
[    0.997353] Allocating IMA MOK and blacklist keyrings.
[    0.999814] Key type asymmetric registered
[    1.001069] Asymmetric key parser 'x509' registered
[    1.002516] Block layer SCSI generic (bsg) driver version 0.4 loaded (major 249)
[    1.004985] io scheduler noop registered
[    1.006607] io scheduler deadline registered (default)
[    1.008523] io scheduler cfq registered
[    1.010148] pci_hotplug: PCI Hot Plug PCI Core version: 0.5
[    1.012463] pciehp: PCI Express Hot Plug Controller Driver version: 0.4
[    1.014901] ACPI: AC Adapter [AC] (on-line)
[    1.016341] input: Power Button as /devices/LNXSYSTM:00/LNXPWRBN:00/input/input0
[    1.018644] ACPI: Power Button [PWRF]
[    1.019916] input: Sleep Button as /devices/LNXSYSTM:00/LNXSLPBN:00/input/input1
[    1.022132] ACPI: Sleep Button [SLPF]
[    1.023641] GHES: HEST is not enabled!
[    1.025327] ACPI: Battery Slot [BAT0] (battery present)
[    1.027047] Serial: 8250/16550 driver, 32 ports, IRQ sharing enabled
 	
 !"#$%&'()*+,-./0123456789:;<=>?@ABCDEFGHIJKLMNOPQRSTUVWXYZ[\]^_`abcdefghijklmnopqrstuvwxyz{|}~ÄÅÇÉÑÖÜáàâäãåçéèêëíìîïñóòôöõúùûü†°¢£§•¶ß®©™´¨≠ÆØ∞±≤≥¥µ∂∑∏π∫ªºΩæø¿¡¬√ƒ≈∆«»… ÀÃÕŒœ–—“”‘’÷◊ÿŸ⁄€‹›ﬁﬂ‡·‚„‰ÂÊÁËÈÍÎÏÌÓÔÒÚÛÙıˆ˜¯˘˙˚¸˝˛ˇ[    1.052352] 00:02: ttyS0 at I/O 0x3f8 (irq = 4, base_baud = 115200) is a 16550A
[    1.058627] Linux agpgart interface v0.103
[    1.062562] loop: module loaded
[    1.064273] scsi host0: ata_piix
[    1.065537] scsi host1: ata_piix
[    1.066651] ata1: PATA max UDMA/33 cmd 0x1f0 ctl 0x3f6 bmdma 0xd000 irq 14
[    1.068593] ata2: PATA max UDMA/33 cmd 0x170 ctl 0x376 bmdma 0xd008 irq 15
[    1.070560] libphy: Fixed MDIO Bus: probed
[    1.072017] tun: Universal TUN/TAP device driver, 1.6
[    1.074199] tun: (C) 1999-2004 Max Krasnyansky <maxk@qualcomm.com>
[    1.077270] PPP generic driver version 2.4.2
[    1.078786] ehci_hcd: USB 2.0 'Enhanced' Host Controller (EHCI) Driver
[    1.080716] ehci-pci: EHCI PCI platform driver
[    1.082074] ehci-platform: EHCI generic platform driver
[    1.083572] ohci_hcd: USB 1.1 'Open' Host Controller (OHCI) Driver
[    1.085369] ohci-pci: OHCI PCI platform driver
[    1.086678] ohci-platform: OHCI generic platform driver
[    1.088230] uhci_hcd: USB Universal Host Controller Interface driver
[    1.091162] i8042: PNP: PS/2 Controller [PNP0303:PS2K,PNP0f03:PS2M] at 0x60,0x64 irq 1,12
[    1.094248] serio: i8042 KBD port at 0x60,0x64 irq 1
[    1.095703] serio: i8042 AUX port at 0x60,0x64 irq 12
[    1.097477] mousedev: PS/2 mouse device common for all mice
[    1.099393] input: AT Translated Set 2 keyboard as /devices/platform/i8042/serio0/input/input2
[    1.102508] rtc_cmos rtc_cmos: rtc core: registered rtc_cmos as rtc0
[    1.104468] rtc_cmos rtc_cmos: alarms up to one day, 114 bytes nvram
[    1.106450] i2c /dev entries driver
[    1.107853] device-mapper: uevent: version 1.0.3
[    1.109517] device-mapper: ioctl: 4.34.0-ioctl (2015-10-28) initialised: dm-devel@redhat.com
[    1.112024] ledtrig-cpu: registered to indicate activity on CPUs
[    1.114370] NET: Registered protocol family 10
[    1.116076] NET: Registered protocol family 17
[    1.117546] Key type dns_resolver registered
[    1.119261] registered taskstats version 1
[    1.120561] Loading compiled-in X.509 certificates
[    1.122550] Loaded X.509 cert 'Build time autogenerated kernel key: 7c9fb337b82e5a343493fe891c556beae1895c7c'
[    1.125487] zswap: loaded using pool lzo/zbud
[    1.128795] Key type trusted registered
[    1.133565] Key type encrypted registered
[    1.134922] AppArmor: AppArmor sha1 policy hashing enabled
[    1.136523] ima: No TPM chip found, activating TPM-bypass!
[    1.138087] ima: Allocated hash algorithm: sha1
[    1.139423] evm: HMAC attrs: 0x1
[    1.140890]   Magic number: 11:453:280
[    1.142055] tty tty17: hash matches
[    1.143193] rtc_cmos rtc_cmos: setting system clock to 2019-03-05 13:16:32 UTC (1551791792)
[    1.145827] BIOS EDD facility v0.16 2004-Jun-25, 0 devices found
[    1.147509] EDD information not available.
[    1.225494] Freeing unused kernel memory: 1528K
[    1.227097] Write protecting the kernel read-only data: 14336k
[    1.229466] Freeing unused kernel memory: 1660K
[    1.231065] Freeing unused kernel memory: 88K
Loading, please wait...
starting version 229
[    1.246793] random: systemd-udevd: uninitialized urandom read (16 bytes read, 2 bits of entropy available)
[    1.247410] random: udevadm: uninitialized urandom read (16 bytes read, 2 bits of entropy available)
[    1.247426] random: udevadm: uninitialized urandom read (16 bytes read, 2 bits of entropy available)
[    1.254381] random: udevadm: uninitialized urandom read (16 bytes read, 2 bits of entropy available)
[    1.254419] random: udevadm: uninitialized urandom read (16 bytes read, 2 bits of entropy available)
[    1.254534] random: udevadm: uninitialized urandom read (16 bytes read, 2 bits of entropy available)
[    1.254579] random: udevadm: uninitialized urandom read (16 bytes read, 2 bits of entropy available)
[    1.254620] random: udevadm: uninitialized urandom read (16 bytes read, 2 bits of entropy available)
[    1.254661] random: udevadm: uninitialized urandom read (16 bytes read, 2 bits of entropy available)
[    1.254701] random: udevadm: uninitialized urandom read (16 bytes read, 2 bits of entropy available)
[    1.303735] e1000: Intel(R) PRO/1000 Network Driver - version 7.3.21-k8-NAPI
[    1.306066] e1000: Copyright (c) 1999-2006 Intel Corporation.
[    1.310397] Fusion MPT base driver 3.04.20
[    1.311699] Copyright (c) 1999-2008 LSI Corporation
[    1.325001] Fusion MPT SPI Host driver 3.04.20
[    1.331283] AVX2 version of gcm_enc/dec engaged.
[    1.333188] AES CTR mode by8 optimization enabled
[    1.525931] input: ImExPS/2 Generic Explorer Mouse as /devices/platform/i8042/serio1/input/input4
[    1.735018] e1000 0000:00:03.0 eth0: (PCI:33MHz:32-bit) 02:54:44:01:5d:80
[    1.737316] e1000 0000:00:03.0 eth0: Intel(R) PRO/1000 Network Connection
[    1.740361] mptbase: ioc0: Initiating bringup
[    1.740549] e1000 0000:00:03.0 enp0s3: renamed from eth0
[    2.274616] tsc: Refined TSC clocksource calibration: 2599.046 MHz
[    2.276786] clocksource: tsc: mask: 0xffffffffffffffff max_cycles: 0x2576b703da1, max_idle_ns: 440795318251 ns
[    2.281183] ioc0: LSI53C1030 A0: Capabilities={Initiator}
[    3.185576] scsi host2: ioc0: LSI53C1030 A0, FwRev=00000000h, Ports=1, MaxQ=256, IRQ=20
[    3.405051] scsi 2:0:0:0: Direct-Access     VBOX     HARDDISK         1.0  PQ: 0 ANSI: 5
[    3.407966] scsi target2:0:0: Beginning Domain Validation
[    3.410626] scsi target2:0:0: Domain Validation skipping write tests
[    3.421671] scsi target2:0:0: Ending Domain Validation
[    3.423360] scsi target2:0:0: asynchronous
[    3.425691] scsi 2:0:1:0: Direct-Access     VBOX     HARDDISK         1.0  PQ: 0 ANSI: 5
[    3.428125] scsi target2:0:1: Beginning Domain Validation
[    3.430759] scsi target2:0:1: Domain Validation skipping write tests
[    3.432548] scsi target2:0:1: Ending Domain Validation
[    3.434050] scsi target2:0:1: asynchronous
[    3.441527] sd 2:0:0:0: Attached scsi generic sg0 type 0
[    3.443209] sd 2:0:0:0: [sda] 20971520 512-byte logical blocks: (10.7 GB/10.0 GiB)
[    3.445814] sd 2:0:1:0: Attached scsi generic sg1 type 0
[    3.447556] sd 2:0:1:0: [sdb] 20480 512-byte logical blocks: (10.5 MB/10.0 MiB)
[    3.448127] sd 2:0:0:0: [sda] Write Protect is off
[    3.448303] sd 2:0:0:0: [sda] Incomplete mode parameter data
[    3.448306] sd 2:0:0:0: [sda] Assuming drive cache: write through
[    3.449410]  sda: sda1
[    3.450305] sd 2:0:0:0: [sda] Attached SCSI disk
[    3.458410] sd 2:0:1:0: [sdb] Write Protect is off
[    3.460230] sd 2:0:1:0: [sdb] Incomplete mode parameter data
[    3.461866] sd 2:0:1:0: [sdb] Assuming drive cache: write through
[    3.466532] sd 2:0:1:0: [sdb] Attached SCSI disk
Begin: Loading essential drivers ... [    4.788518] md: linear personality registered for level -1
[    4.793724] md: multipath personality registered for level -4
[    4.798550] md: raid0 personality registered for level 0
[    4.803214] md: raid1 personality registered for level 1
[    4.876528] raid6: sse2x1   gen()  9583 MB/s
[    4.944320] raid6: sse2x1   xor()  7416 MB/s
[    5.012677] raid6: sse2x2   gen() 12216 MB/s
[    5.083105] raid6: sse2x2   xor()  8446 MB/s
[    5.152159] raid6: sse2x4   gen() 13941 MB/s
[    5.220438] raid6: sse2x4   xor() 10036 MB/s
[    5.288200] raid6: avx2x1   gen() 18370 MB/s
[    5.355840] raid6: avx2x2   gen() 20578 MB/s
[    5.423919] raid6: avx2x4   gen() 10670 MB/s
[    5.426368] raid6: using algorithm avx2x2 gen() 20578 MB/s
[    5.430070] raid6: using avx2x2 recovery algorithm
[    5.436146] xor: automatically using best checksumming function:
[    5.480536]    avx       : 55145.000 MB/sec
[    5.483292] async_tx: api initialized (async)
[    5.492769] md: raid6 personality registered for level 6
[    5.494571] md: raid5 personality registered for level 5
[    5.496164] md: raid4 personality registered for level 4
[    5.503392] md: raid10 personality registered for level 10
done.
Begin: Running /scripts/init-premount ... done.
Begin: Mounting root file system ... Begin: Running /scripts/local-top ... done.
Begin: Running /scripts/local-premount ... [    5.534512] Btrfs loaded
Scanning for Btrfs filesystems
done.
Warning: fsck not present, so skipping root file system
[    5.572084] EXT4-fs (sda1): mounted filesystem with ordered data mode. Opts: (null)
done.
Begin: Running /scripts/local-bottom ... done.
Begin: Running /scripts/init-bottom ... done.
[    5.664940] systemd[1]: systemd 229 running in system mode. (+PAM +AUDIT +SELINUX +IMA +APPARMOR +SMACK +SYSVINIT +UTMP +LIBCRYPTSETUP +GCRYPT +GNUTLS +ACL +XZ -LZ4 +SECCOMP +BLKID +ELFUTILS +KMOD -IDN)
[    5.670140] systemd[1]: Detected virtualization oracle.
[    5.671656] systemd[1]: Detected architecture x86-64.

Welcome to [1mUbuntu 16.04.5 LTS[0m!

[    5.675777] systemd[1]: Set hostname to <ubuntu>.
[    5.680085] systemd[1]: Initializing machine ID from random generator.
[    5.681971] systemd[1]: Installed transient /etc/machine-id file.
[    5.827738] systemd[1]: Listening on Device-mapper event daemon FIFOs.
[[0;32m  OK  [0m] Listening on Device-mapper event daemon FIFOs.
[    5.831337] systemd[1]: Listening on Journal Socket.
[[0;32m  OK  [0m] Listening on Journal Socket.
[    5.834769] systemd[1]: Created slice System Slice.
[[0;32m  OK  [0m] Created slice System Slice.
[    5.848493] systemd[1]: Starting Nameserver information manager...
         Starting Nameserver information manager...
[    5.854554] systemd[1]: Starting Create list of required static device nodes for the current kernel...
         Starting Create list of required st... nodes for the current kernel...
[    5.860492] systemd[1]: Created slice system-serial\x2dgetty.slice.
[[0;32m  OK  [0m] Created slice system-serial\x2dgetty.slice.
[    5.870217] systemd[1]: Starting Load Kernel Modules...
         Starting Load Kernel Modules...
[    5.877828] systemd[1]: Mounting Debug File System...
         Mounting Debug File System...
[    5.881474] Loading iSCSI transport class v2.0-870.
[    5.881852] systemd[1]: Mounting Huge Pages File System...
         Mounting Huge Pages File System...
[    5.887020] systemd[1]: Reached target User and Group Name Lookups.
[[0;32m  OK  [0m] Reached target User and Group Name Lookups.
[    5.890754] systemd[1]: Created slice User and Session Slice.
[[0;32m  OK  [0m] Created slice User and Session Slice.
[    5.894348] systemd[1]: Listening on LVM2 metadata daemon socket.
[[0;32m  OK  [0m] Listening on LVM2 metadata daemon socket.
[    5.900271] iscsi: registered transport (tcp)
[    5.916053] systemd[1]: Starting Monitoring of LVM2 mirrors, snapshots etc. using dmeventd or progress polling...
         Starting Monitoring of LVM2 mirrors... dmeventd or progress polling...
[    5.923619] systemd[1]: Reached target Swap.
[[0;32m  OK  [0m] Reached target Swap.
[    5.927843] systemd[1]: Started Forward Password Requests to Wall Directory Watch.
[    5.931074] iscsi: registered transport (iser)
[[0;32m  OK  [0m] Started Forward Password Requests to Wall Directory Watch.
[    5.936944] systemd[1]: Starting Set console keymap...
         Starting Set console keymap...
[    5.940556] systemd[1]: Listening on Journal Socket (/dev/log).
[[0;32m  OK  [0m] Listening on Journal Socket (/dev/log).
[    5.944335] systemd[1]: Set up automount Arbitrary Executable File Formats File System Automount Point.
[[0;32m  OK  [0m] Set up automount Arbitrary Executab...ats File System Automount Point.
[    5.950840] systemd[1]: Starting Remount Root and Kernel File Systems...
         Starting Remount Root and Kernel File Systems...
[    5.956113] systemd[1]: Reached target Slices.
[[0;32m  OK  [0m] Reached target Slices.
[    5.959406] EXT4-fs (sda1): re-mounted. Opts: (null)
[    5.962077] systemd[1]: Mounting POSIX Message Queue File System...
         Mounting POSIX Message Queue File System...
[    5.965970] systemd[1]: Reached target Encrypted Volumes.
[[0;32m  OK  [0m] Reached target Encrypted Volumes.
[    5.969860] systemd[1]: Listening on udev Control Socket.
[[0;32m  OK  [0m] Listening on udev Control Socket.
[    5.973787] systemd[1]: Listening on /dev/initctl Compatibility Named Pipe.
[[0;32m  OK  [0m] Listening on /dev/initctl Compatibility Named Pipe.
[    5.978694] systemd[1]: Started Trigger resolvconf update for networkd DNS.
[[0;32m  OK  [0m] Started Trigger resolvconf update for networkd DNS.
[    5.983465] systemd[1]: Listening on Syslog Socket.
[[0;32m  OK  [0m] Listening on Syslog Socket.
[    5.986466] systemd[1]: Listening on udev Kernel Socket.
[[0;32m  OK  [0m] Listening on udev Kernel Socket.
[    5.989574] systemd[1]: Listening on Journal Audit Socket.
[[0;32m  OK  [0m] Listening on Journal Audit Socket.
[    6.012648] systemd[1]: Starting Journal Service...
         Starting Journal Service...
[    6.017559] systemd[1]: Reached target System Time Synchronized.
[[0;32m  OK  [0m] Reached target System Time Synchronized.
[    6.023273] systemd[1]: Listening on LVM2 poll daemon socket.
[[0;32m  OK  [0m] Listening on LVM2 poll daemon socket.
[    6.027678] systemd[1]: Starting Uncomplicated firewall...
         Starting Uncomplicated firewall...
[    6.034950] systemd[1]: Mounted POSIX Message Queue File System.
[[0;32m  OK  [0m] Mounted POSIX Message Queue File System.
[    6.039213] systemd[1]: Mounted Huge Pages File System.
[[0;32m  OK  [0m] Mounted Huge Pages File System.
[    6.042177] systemd[1]: Mounted Debug File System.
[[0;32m  OK  [0m] Mounted Debug File System.
[    6.045221] systemd[1]: Started Journal Service.
[[0;32m  OK  [0m] Started Journal Service.
[[0;32m  OK  [0m] Started Create list of required sta...ce nodes for the current kernel.
[[0;32m  OK  [0m] Started Load Kernel Modules.
[[0;32m  OK  [0m] Started Set console keymap.
[[0;32m  OK  [0m] Started Remount Root and Kernel File Systems.
[[0;32m  OK  [0m] Started Uncomplicated firewall.
[[0;32m  OK  [0m] Started Nameserver information manager.
[[0;32m  OK  [0m] Started LVM2 metadata daemon.
         Starting Load/Save Random Seed...
         Starting udev Coldplug all Devices...
         Starting Apply Kernel Variables...
         Mounting FUSE Control File System...
         Starting Create Static Device Nodes in /dev...
         Starting Flush Journal to Persistent Storage...
[[0;32m  OK  [0m] Mounted FUSE Control File System.
[[0;32m  OK  [0m] Started Load/Save Random Seed.
[[0;32m  OK  [0m] Started Apply Kernel Variables.
[[0;32m  OK  [0m] Started Create Static Device Nodes in /dev.
[[0;32m  OK  [0m] Started udev Coldplug all Devices.
[[0;32m  OK  [0m] Started Flush Journal to Persistent Storage.
         Starting udev Kernel Device Manager...
[[0;32m  OK  [0m] Started udev Kernel Device Manager.
[[0;32m  OK  [0m] Started Dispatch Password Requests to Console Directory Watch.
[[0;32m  OK  [0m] Started Monitoring of LVM2 mirrors,...ng dmeventd or progress polling.
[[0;32m  OK  [0m] Reached target Local File Systems (Pre).
[[0;32m  OK  [0m] Reached target Local File Systems.
         Starting LSB: AppArmor initialization...
         Starting Commit a transient machine-id on disk...
         Starting Set console font and keymap...
         Starting Initial cloud-init job (pre-networking)...
         Starting Tell Plymouth To Write Out Runtime Data...
         Starting Create Volatile Files and Directories...
[[0;32m  OK  [0m] Started Create Volatile Files and Directories.
[[0;32m  OK  [0m] Started Tell Plymouth To Write Out Runtime Data.
[[0;32m  OK  [0m] Started Commit a transient machine-id on disk.
         Starting Update UTMP about System Boot/Shutdown...
[[0;32m  OK  [0m] Started Update UTMP about System Boot/Shutdown.
[[0;32m  OK  [0m] Found device /dev/ttyS0.
[[0;32m  OK  [0m] Listening on Load/Save RF Kill Switch Status /dev/rfkill Watch.
[[0;32m  OK  [0m] Started LSB: AppArmor initialization.
[    7.335093] cloud-init[484]: Cloud-init v. 18.4-0ubuntu1~16.04.2 running 'init-local' at Tue, 05 Mar 2019 13:16:38 +0000. Up 6.97 seconds.
[[0;32m  OK  [0m] Started Initial cloud-init job (pre-networking).
[[0;32m  OK  [0m] Started Set console font and keymap.
[[0;32m  OK  [0m] Created slice system-getty.slice.
[[0;32m  OK  [0m] Reached target Network (Pre).
         Starting Raise network interfaces...
[[0;32m  OK  [0m] Started Raise network interfaces.
[[0;32m  OK  [0m] Reached target Network.
         Starting Initial cloud-init job (metadata service crawler)...
[    8.582057] cloud-init[927]: Cloud-init v. 18.4-0ubuntu1~16.04.2 running 'init' at Tue, 05 Mar 2019 13:16:39 +0000. Up 8.06 seconds.
[    8.585326] cloud-init[927]: ci-info: ++++++++++++++++++++++++++++++++++++++Net device info++++++++++++++++++++++++++++++++++++++
[    8.589438] cloud-init[927]: ci-info: +--------+------+----------------------------+---------------+--------+-------------------+
[    8.592500] cloud-init[927]: ci-info: | Device |  Up  |          Address           |      Mask     | Scope  |     Hw-Address    |
[    8.595740] cloud-init[927]: ci-info: +--------+------+----------------------------+---------------+--------+-------------------+
[    8.599013] cloud-init[927]: ci-info: | enp0s3 | True |         10.0.2.15          | 255.255.255.0 | global | 02:54:44:01:5d:80 |
[    8.604574] cloud-init[927]: ci-info: | enp0s3 | True | fe80::54:44ff:fe01:5d80/64 |       .       |  link  | 02:54:44:01:5d:80 |
[    8.608401] cloud-init[927]: ci-info: |   lo   | True |         127.0.0.1          |   255.0.0.0   |  host  |         .         |
[    8.612477] cloud-init[927]: ci-info: |   lo   | True |          ::1/128           |       .       |  host  |         .         |
[    8.615819] cloud-init[927]: ci-info: +--------+------+----------------------------+---------------+--------+-------------------+
[    8.620408] cloud-init[927]: ci-info: +++++++++++++++++++++++++++Route IPv4 info++++++++++++++++++++++++++++
[    8.624484] cloud-init[927]: ci-info: +-------+-------------+----------+---------------+-----------+-------+
[    8.628008] cloud-init[927]: ci-info: | Route | Destination | Gateway  |    Genmask    | Interface | Flags |
[    8.631443] cloud-init[927]: ci-info: +-------+-------------+----------+---------------+-----------+-------+
[    8.636489] cloud-init[927]: ci-info: |   0   |   0.0.0.0   | 10.0.2.2 |    0.0.0.0    |   enp0s3  |   UG  |
[    8.640434] cloud-init[927]: ci-info: |   1   |   10.0.2.0  | 0.0.0.0  | 255.255.255.0 |   enp0s3  |   U   |
[    8.644483] cloud-init[927]: ci-info: +-------+-------------+----------+---------------+-----------+-------+
[    8.648099] cloud-init[927]: ci-info: +++++++++++++++++++Route IPv6 info+++++++++++++++++++
[    8.652434] cloud-init[927]: ci-info: +-------+-------------+---------+-----------+-------+
[    8.654901] cloud-init[927]: ci-info: | Route | Destination | Gateway | Interface | Flags |
[    8.657227] cloud-init[927]: ci-info: +-------+-------------+---------+-----------+-------+
[    8.659799] cloud-init[927]: ci-info: |   0   |  fe80::/64  |    ::   |   enp0s3  |   U   |
[    8.662636] cloud-init[927]: ci-info: |   3   |   ff00::/8  |    ::   |   enp0s3  |   U   |
[    8.666943] cloud-init[927]: ci-info: +-------+-------------+---------+-----------+-------+
[    8.669741] cloud-init[927]: Generating public/private rsa key pair.
[    8.671984] cloud-init[927]: Your identification has been saved in /etc/ssh/ssh_host_rsa_key.
[    8.674575] cloud-init[927]: Your public key has been saved in /etc/ssh/ssh_host_rsa_key.pub.
[    8.676964] cloud-init[927]: The key fingerprint is:
[    8.678473] cloud-init[927]: SHA256:YmIxgzmm/ioewuOnhIJkqdE7aeLgmvXfwaOSpMW3uiw root@ubuntu-xenial
[    8.681562] cloud-init[927]: The key's randomart image is:
[    8.684095] cloud-init[927]: +---[RSA 2048]----+
[    8.685623] cloud-init[927]: |                 |
[    8.687259] cloud-init[927]: |   o             |
[    8.689250] cloud-init[927]: |  = +            |
[    8.690759] cloud-init[927]: | +.. +           |
[    8.692335] cloud-init[927]: |o+..o o S        |
[    8.693957] cloud-init[927]: |O. ++o.o         |
[    8.695597] cloud-init[927]: |O**+ o .+        |
[    8.697345] cloud-init[927]: |X=E=o .o o       |
[    8.698977] cloud-init[927]: |*B+o==o .        |
[    8.700626] cloud-init[927]: +----[SHA256]-----+
[    8.702491] cloud-init[927]: Generating public/private dsa key pair.
[    8.704280] cloud-init[927]: Your identification has been saved in /etc/ssh/ssh_host_dsa_key.
[    8.706618] cloud-init[927]: Your public key has been saved in /etc/ssh/ssh_host_dsa_key.pub.
[    8.709296] cloud-init[927]: The key fingerprint is:
[    8.711033] cloud-init[927]: SHA256:pEgyrarQyMR/LzafDhmvxfG2oi4gb+iFk3VBxvvROP8 root@ubuntu-xenial
[    8.713923] cloud-init[927]: The key's randomart image is:
[    8.715593] cloud-init[927]: +---[DSA 1024]----+
[    8.717101] cloud-init[927]: |    .o           |
[    8.718761] cloud-init[927]: |   .o.           |
[    8.720438] cloud-init[927]: |  o o.. +        |
[    8.722218] cloud-init[927]: |.  = o.* .       |
[    8.723842] cloud-init[927]: | o...oo.S        |
[    8.725437] cloud-init[927]: |+== . =.o.       |
[    8.727012] cloud-init[927]: |=Boo + + o.      |
[    8.728694] cloud-init[927]: |+ =..+=.o .E     |
[    8.730190] cloud-init[927]: |oo  ++*=..       |
[    8.731856] cloud-init[927]: +----[SHA256]-----+
[    8.733545] cloud-init[927]: Generating public/private ecdsa key pair.
[    8.734019] cloud-init[927]: Your identification has been saved in /etc/ssh/ssh_host_ecdsa_key.
[[0;32m  OK  [0m] Started Initial cloud-init job (metadata service crawler).
[    8.734310] cloud-init[927]: Your public key has been saved in /etc/ssh/ssh_host_ecdsa_key.pub.
[    8.740287] cloud-init[927]: The key fingerprint is:
[    8.741756] cloud-init[927]: SHA256:zrRRti01kEC2ItagljwOPsu8FRngDMXl7SxcnJkzArE root@ubuntu-xenial
[    8.744195] cloud-init[927]: The key's randomart image is:
[    8.744489] cloud-init[927]: +---[ECDSA 256]---+
[    8.745495] cloud-init[927]: |.++oo  .+...     |
[    8.747086] cloud-init[927]: |+.o* = = ...     |
[    8.747918] cloud-init[927]: |.oE.= % . o o    |
[    8.749302] cloud-init[927]: |.+ +o* + o + .   |
[[    8.751039] cloud-init[927]: | o.oo o S o .    |
[    8.751134] cloud-init[927]: |o o .. + o .     |
[    8.752495] cloud-init[927]: | + .    +        |
[    8.753257] cloud-init[927]: |  o              |
[    8.754202] cloud-init[927]: | .               |
[    8.755170] cloud-init[927]: +----[SHA256]-----+
[    8.756757] cloud-init[927]: Generating public/private ed25519 key pair.
[    8.758171] cloud-init[927]: Your identification has been saved in /etc/ssh/ssh_host_ed25519_key.
[    8.759091] cloud-init[927]: Your public key has been saved in /etc/ssh/ssh_host_ed25519_key.pub.
[    8.762531] cloud-init[927]: The key fingerprint is:
[    8.764950] cloud-init[927]: SHA256:ETgLDRX5x0eThZsRTVMXg16Mo/aFWFp7wuNivldtcdk root@ubuntu-xenial
[    8.766449] cloud-init[927]: The key's randomart image is:
[    8.769583] cloud-init[927]: +--[ED25519 256]--+
[    8.770341] cloud-init[927]: |    .+o+.   .BB++|
[    8.771700] cloud-init[927]: |    . =  .  **.+o|
[    8.772483] cloud-init[927]: |     . +.. .O== o|
[    8.773709] cloud-init[927]: |      . ..o=+B =E|
[    8.774587] cloud-init[927]: |        S...o = +|
[    8.775837] cloud-init[927]: |           o o .o|
[    8.776749] cloud-init[927]: |          o . .. |
[    8.777707] cloud-init[927]: |           . .   |
[    8.779051] cloud-init[927]: |           .o    |
[    8.780473] cloud-init[927]: +----[SHA256]-----+
[0;32m  OK  [0m] Reached target Cloud-config availability.
[[0;32m  OK  [0m] Reached target Network is Online.
         Starting iSCSI initiator daemon (iscsid)...
[[0;32m  OK  [0m] Reached target System Initialization.
         Starting LXD - unix socket.
[[0;32m  OK  [0m] Started Daily apt download activities.
[[0;32m  OK  [0m] Listening on ACPID Listen Socket.
[[0;32m  OK  [0m] Started ACPI Events Check.
[[0;32m  OK  [0m] Reached target Paths.
         Starting Socket activation for snappy daemon.
[[0;32m  OK  [0m] Started Daily Cleanup of Temporary Directories.
[[0;32m  OK  [0m] Listening on D-Bus System Message Bus Socket.
[[0;32m  OK  [0m] Listening on UUID daemon activation socket.
[[0;32m  OK  [0m] Started Daily apt upgrade and clean activities.
[[0;32m  OK  [0m] Reached target Timers.
[[0;32m  OK  [0m] Listening on LXD - unix socket.
[[0;32m  OK  [0m] Listening on Socket activation for snappy daemon.
[[0;32m  OK  [0m] Started iSCSI initiator daemon (iscsid).
         Starting Login to default iSCSI targets...
[[0;32m  OK  [0m] Reached target Sockets.
[[0;32m  OK  [0m] Reached target Basic System.
[[0;32m  OK  [0m] Started D-Bus System Message Bus.
[[0;32m  OK  [0m] Started FUSE filesystem for LXC.
         Starting /etc/rc.local Compatibility...
         Starting Virtualbox guest utils...
[[0;32m  OK  [0m] Started Deferred execution scheduler.
         Starting LSB: MD monitoring daemon...
         Starting LSB: Record successful boot for GRUB...
         Starting Snappy daemon...
         Starting Accounts Service...
[[0;32m  OK  [0m] Started Unattended Upgrades Shutdown.
[[0;32m  OK  [0m] Started Regular background program processing daemon.
[[0;32m  OK  [0m] Started ACPI event daemon.
         Starting Pollinate to seed the pseudo random number generator...
         Starting System Logging Service...
         Starting Login Service...
         Starting LXD - container startup/shutdown...
[[0;32m  OK  [0m] Started /etc/rc.local Compatibility.
[[0;32m  OK  [0m] Started System Logging Service.
[[0;32m  OK  [0m] Started Login to default iSCSI targets.
[[0;32m  OK  [0m] Reached target Remote File Systems (Pre).
[[0;32m  OK  [0m] Reached target Remote File Systems.
         Starting Permit User Sessions...
         Starting LSB: automatic crash report generation...
         Starting LSB: Set the CPU Frequency Scaling governor to "ondemand"...
         Starting LSB: daemon to balance interrupts for SMP systems...
[[0;32m  OK  [0m] Started LSB: MD monitoring daemon.
[[0;32m  OK  [0m] Started LSB: Record successful boot for GRUB.
[[0;32m  OK  [0m] Started Permit User Sessions.
[[0;32m  OK  [0m] Started Login Service.
         Starting Authenticate and Authorize Users to Run Privileged Tasks...
         Starting Terminate Plymouth Boot Screen...
         Starting Hold until boot process finishes up...
[[0;32m  OK  [0m] Started LXD - container startup/shutdown.
[[0;32m  OK  [0m] Started Terminate Plymouth Boot Screen.
[[0;32m  OK  [0m] Started Hold until boot process finishes up.
[[0;32m  OK  [0m] Started Serial Getty on ttyS0.
         Starting Set console scheme...
[[0;32m  OK  [0m] Started Getty on tty1.
[[0;32m  OK  [0m] Reached target Login Prompts.
[[0;32m  OK  [0m] Started LSB: automatic crash report generation.
[[0;32m  OK  [0m] Started LSB: Set the CPU Frequency Scaling governor to "ondemand".
[[0;32m  OK  [0m] Started Set console scheme.
[[0;32m  OK  [0m] Started LSB: daemon to balance interrupts for SMP systems.
[[0;32m  OK  [0m] Started Virtualbox guest utils.
[[0;32m  OK  [0m] Started Authenticate and Authorize Users to Run Privileged Tasks.
[[0;32m  OK  [0m] Started Accounts Service.
[[0;32m  OK  [0m] Started Snappy daemon.
         Starting Wait until snapd is fully seeded...
[[0;32m  OK  [0m] Started Pollinate to seed the pseudo random number generator.
         Starting OpenBSD Secure Shell server...
[[0;32m  OK  [0m] Started OpenBSD Secure Shell server.
[[0;32m  OK  [0m] Started Wait until snapd is fully seeded.
[[0;32m  OK  [0m] Reached target Multi-User System.
[[0;32m  OK  [0m] Reached target Graphical Interface.
         Starting Update UTMP about System Runlevel Changes...
         Starting Apply the settings specified in cloud-config...
[[0;32m  OK  [0m] Started Update UTMP about System Runlevel Changes.
[   11.300329] cloud-init[1262]: Generating locales (this might take a while)...
[[0;32m  OK  [0m] Created slice User Slice of vagrant.
         Starting User Manager for UID 1000...
[[0;32m  OK  [0m] Started Session 1 of user vagrant.
[[0;32m  OK  [0m] Started User Manager for UID 1000.
[   12.238877] cloud-init[1262]:   en_US.UTF-8... done
[   12.240690] cloud-init[1262]: Generation complete.
[   12.580856] cloud-init[1262]: Cloud-init v. 18.4-0ubuntu1~16.04.2 running 'modules:config' at Tue, 05 Mar 2019 13:16:42 +0000. Up 11.21 seconds.
[[0;32m  OK  [0m] Started Apply the settings specified in cloud-config.
         Starting Execute cloud user/final scripts...
ci-info: no authorized ssh keys fingerprints found for user ubuntu.
<14>Mar  5 13:16:45 ec2: 
<14>Mar  5 13:16:45 ec2: #############################################################
<14>Mar  5 13:16:45 ec2: -----BEGIN SSH HOST KEY FINGERPRINTS-----
<14>Mar  5 13:16:45 ec2: 1024 SHA256:pEgyrarQyMR/LzafDhmvxfG2oi4gb+iFk3VBxvvROP8 root@ubuntu-xenial (DSA)
<14>Mar  5 13:16:45 ec2: 256 SHA256:zrRRti01kEC2ItagljwOPsu8FRngDMXl7SxcnJkzArE root@ubuntu-xenial (ECDSA)
<14>Mar  5 13:16:45 ec2: 256 SHA256:ETgLDRX5x0eThZsRTVMXg16Mo/aFWFp7wuNivldtcdk root@ubuntu-xenial (ED25519)
<14>Mar  5 13:16:45 ec2: 2048 SHA256:YmIxgzmm/ioewuOnhIJkqdE7aeLgmvXfwaOSpMW3uiw root@ubuntu-xenial (RSA)
<14>Mar  5 13:16:45 ec2: -----END SSH HOST KEY FINGERPRINTS-----
<14>Mar  5 13:16:45 ec2: #############################################################
-----BEGIN SSH HOST KEY KEYS-----
ecdsa-sha2-nistp256 AAAAE2VjZHNhLXNoYTItbmlzdHAyNTYAAAAIbmlzdHAyNTYAAABBBNlwirR1LFd8hQ7jb1oxEIdunGzsmjIhA02zXQ7pU6kD5Bv9WCsZEIMhxGfZMq6Ldd33AESaMvatt2zCQICgIGk= root@ubuntu-xenial
ssh-ed25519 AAAAC3NzaC1lZDI1NTE5AAAAIOSqgFvsXnUjj0xg82doCMDONmxmUbLglGKJ57cRoMJH root@ubuntu-xenial
ssh-rsa AAAAB3NzaC1yc2EAAAADAQABAAABAQDsQiifrnZzLRgJpziifswfNq9l47FsfCE2+QOrxcnACBAuNItKV2laiod0Y6xo7b4m2J3OSUh1MfNhxfpKpXeoxclEKEAJJvkSGCzkGZJkQlVVrGPnV1YBhvpvliL3UiL3geBoc8JaMOBz8gB1cp4g/sKZ7NAQqjcb5f0lQ0WI2yH0RN0awpysDDzVHu7juXutDmzaBt3r8OBdYErvCUt7hEqxrJrfqLTBwa64sGtZgN7T2+o1FvXoawXbEOCY58soN7Qe27P+lTbGkjh9vFmXNarJQM5dA3w2Wk94BPV+GTxU0B7kjrBuRetSH2hESa5fDe0+YPuSUZX8uC9423O3 root@ubuntu-xenial
-----END SSH HOST KEY KEYS-----
[   13.443008] cloud-init[1367]: Cloud-init v. 18.4-0ubuntu1~16.04.2 running 'modules:final' at Tue, 05 Mar 2019 13:16:44 +0000. Up 13.23 seconds.
[   13.448425] cloud-init[1367]: ci-info: no authorized ssh keys fingerprints found for user ubuntu.
[   13.452784] cloud-init[1367]: Cloud-init v. 18.4-0ubuntu1~16.04.2 finished at Tue, 05 Mar 2019 13:16:45 +0000. Datasource DataSourceNoCloud [seed=/dev/sdb][dsmode=net].  Up 13.43 seconds
[[0;32m  OK  [0m] Started Execute cloud user/final scripts.
[[0;32m  OK  [0m] Reached target Cloud-init target.

Ubuntu 16.04.5 LTS ubuntu-xenial ttyS0

ubuntu-xenial login: 